// Jest Snapshot v1, https://goo.gl/fbAQLP

exports[`COMPONENTS - <BaseSettings> render BaseSettings 1`] = `
<div>
  <H4>
    Color settings:
  </H4>
  <Section>
    <Field
      height={55}
    >
      <Label>
        <span>
          Base color:
        </span>
        <InputColor
          color="#3F84A8"
          onChange={[Function]}
        />
      </Label>
    </Field>
  </Section>
  <H4>
    Misc. settings:
  </H4>
  <Section>
    <Field>
      <Label>
        <span>
          Icon set:
        </span>
        <StyledSelect
          onChange={[Function]}
          value="ionic"
        >
          <option
            value="ionic"
          >
            Ionicons (default)
          </option>
          <option
            value="eva"
          >
            Eva
          </option>
        </StyledSelect>
      </Label>
    </Field>
    <Field>
      <Label>
        <span>
          Notification position:
        </span>
        <StyledSelect
          onChange={[Function]}
          value="top-center"
        >
          <option
            key="top-left"
            value="top-left"
          >
            top-left
          </option>
          <option
            key="top-right"
            value="top-right"
          >
            top-right
          </option>
          <option
            key="top-center"
            value="top-center"
          >
            top-center
          </option>
          <option
            key="bottom-left"
            value="bottom-left"
          >
            bottom-left
          </option>
          <option
            key="bottom-right"
            value="bottom-right"
          >
            bottom-right
          </option>
          <option
            key="bottom-center"
            value="bottom-center"
          >
            bottom-center
          </option>
        </StyledSelect>
      </Label>
    </Field>
    <Field>
      <Label>
        <span>
          Show API rate limit on header:
        </span>
        <Checkbox
          checked={true}
          onChange={[Function]}
        />
      </Label>
    </Field>
  </Section>
</div>
`;
