// Jest Snapshot v1, https://goo.gl/fbAQLP

exports[`COMPONENTS - <BaseSettings> render BaseSettings 1`] = `
<div>
  <h4>
    Color settings:
  </h4>
  <Section>
    <Field
      height={55}
    >
      <Label>
        <span>
          Base color:
        </span>
        <InputColor
          color="#3F84A8"
          onChange={[Function]}
        />
      </Label>
      <Small>
        <strong>
          NOTE!
        </strong>
         color change need app reload
      </Small>
    </Field>
    <Field>
      <Label>
        <span>
          Show API rate limit on header:
        </span>
        <Checkbox
          checked={true}
          onChange={[Function]}
        />
      </Label>
    </Field>
  </Section>
</div>
`;
