// Jest Snapshot v1, https://goo.gl/fbAQLP

exports[`COMPONENTS - <EditorSettings> render EditorSettings 1`] = `
<EditorSettings
  changeSettings={[MockFunction]}
>
  <div>
    <h4>
      Editor settings:
    </h4>
    <ForwardRef>
      <StyledComponent
        forwardedClass={
          Object {
            "$$typeof": Symbol(react.forward_ref),
            "attrs": undefined,
            "componentStyle": ComponentStyle {
              "componentId": "Wrapper-sc-3i0r91-0",
              "isStatic": true,
              "lastClassName": "jjrWCY",
              "rules": Array [
                "display:flex;justify-content:space-between;",
              ],
            },
            "displayName": "Wrapper",
            "render": [Function],
            "styledComponentId": "Wrapper-sc-3i0r91-0",
            "target": "div",
            "warnTooManyClasses": [Function],
            "withComponent": [Function],
          }
        }
        forwardedRef={null}
      >
        <div
          className="Wrapper-sc-3i0r91-0 jjrWCY"
        >
          <ForwardRef>
            <StyledComponent
              forwardedClass={
                Object {
                  "$$typeof": Symbol(react.forward_ref),
                  "attrs": undefined,
                  "componentStyle": ComponentStyle {
                    "componentId": "Section-sc-3i0r91-2",
                    "isStatic": true,
                    "lastClassName": "gqkeLg",
                    "rules": Array [
                      "width:45%;",
                    ],
                  },
                  "displayName": "Section",
                  "render": [Function],
                  "styledComponentId": "Section-sc-3i0r91-2",
                  "target": "div",
                  "warnTooManyClasses": [Function],
                  "withComponent": [Function],
                }
              }
              forwardedRef={null}
            >
              <div
                className="Section-sc-3i0r91-2 gqkeLg"
              >
                <ForwardRef>
                  <StyledComponent
                    forwardedClass={
                      Object {
                        "$$typeof": Symbol(react.forward_ref),
                        "attrs": undefined,
                        "componentStyle": ComponentStyle {
                          "componentId": "Field-sc-3i0r91-3",
                          "isStatic": true,
                          "lastClassName": "fjKIlx",
                          "rules": Array [
                            "height:35px;",
                          ],
                        },
                        "displayName": "Field",
                        "render": [Function],
                        "styledComponentId": "Field-sc-3i0r91-3",
                        "target": "div",
                        "warnTooManyClasses": [Function],
                        "withComponent": [Function],
                      }
                    }
                    forwardedRef={null}
                  >
                    <div
                      className="Field-sc-3i0r91-3 fjKIlx"
                    >
                      <ForwardRef>
                        <StyledComponent
                          forwardedClass={
                            Object {
                              "$$typeof": Symbol(react.forward_ref),
                              "attrs": undefined,
                              "componentStyle": ComponentStyle {
                                "componentId": "Label-sc-3i0r91-1",
                                "isStatic": true,
                                "lastClassName": "hpqRMW",
                                "rules": Array [
                                  "display:flex;justify-content:space-between;align-items:baseline;margin-top:10px;",
                                ],
                              },
                              "displayName": "Label",
                              "render": [Function],
                              "styledComponentId": "Label-sc-3i0r91-1",
                              "target": "div",
                              "warnTooManyClasses": [Function],
                              "withComponent": [Function],
                            }
                          }
                          forwardedRef={null}
                        >
                          <div
                            className="Label-sc-3i0r91-1 hpqRMW"
                          >
                            <span>
                              Theme:
                            </span>
                            <ForwardRef
                              onChange={[Function]}
                              value="vs"
                            >
                              <StyledComponent
                                forwardedClass={
                                  Object {
                                    "$$typeof": Symbol(react.forward_ref),
                                    "attrs": undefined,
                                    "componentStyle": ComponentStyle {
                                      "componentId": "StyledISelect-sc-3i0r91-5",
                                      "isStatic": true,
                                      "lastClassName": "bnSweD",
                                      "rules": Array [
                                        "width:158px;",
                                      ],
                                    },
                                    "displayName": "StyledISelect",
                                    "render": [Function],
                                    "styledComponentId": "StyledISelect-sc-3i0r91-5",
                                    "target": [Function],
                                    "warnTooManyClasses": [Function],
                                    "withComponent": [Function],
                                    Symbol(Symbol.hasInstance): [Function],
                                  }
                                }
                                forwardedRef={null}
                                onChange={[Function]}
                                value="vs"
                              >
                                <Select
                                  className="StyledISelect-sc-3i0r91-5 bnSweD"
                                  onChange={[Function]}
                                  value="vs"
                                >
                                  <ForwardRef
                                    className="StyledISelect-sc-3i0r91-5 bnSweD"
                                    defaultValue="vs"
                                    onChange={[Function]}
                                  >
                                    <StyledComponent
                                      className="StyledISelect-sc-3i0r91-5 bnSweD"
                                      defaultValue="vs"
                                      forwardedClass={
                                        Object {
                                          "$$typeof": Symbol(react.forward_ref),
                                          "attrs": undefined,
                                          "componentStyle": ComponentStyle {
                                            "componentId": "SelectInput-sc-13maoso-0",
                                            "isStatic": false,
                                            "lastClassName": "iASYFp",
                                            "rules": Array [
                                              "-webkit-appearance:none;border:1px solid ",
                                              [Function],
                                              ";line-height:1;outline:0;color:",
                                              [Function],
                                              ";padding:5px;border-radius:0;background:linear-gradient(",
                                              [Function],
                                              ",",
                                              [Function],
                                              ") no-repeat,linear-gradient(-135deg,rgba(255,255,255,0) 50%,white 50%) no-repeat,linear-gradient(-225deg,rgba(255,255,255,0) 50%,white 50%) no-repeat,linear-gradient(",
                                              [Function],
                                              ",",
                                              [Function],
                                              ") no-repeat;background-color:#fff;background-size:1px 100%,20px 20px,20px 20px,20px 60%;background-position:right 20px center,right bottom,right bottom,right bottom;border:none;border-bottom:1px solid ",
                                              [Function],
                                              ";option{background-color:white;}",
                                            ],
                                          },
                                          "displayName": "SelectInput",
                                          "render": [Function],
                                          "styledComponentId": "SelectInput-sc-13maoso-0",
                                          "target": "select",
                                          "warnTooManyClasses": [Function],
                                          "withComponent": [Function],
                                        }
                                      }
                                      forwardedRef={null}
                                      onChange={[Function]}
                                    >
                                      <select
                                        className="StyledISelect-sc-3i0r91-5 bnSweD SelectInput-sc-13maoso-0 iASYFp"
                                        defaultValue="vs"
                                        onChange={[Function]}
                                      >
                                        <option
                                          value="vs"
                                        >
                                          vs light
                                        </option>
                                        <option
                                          value="vs-dark"
                                        >
                                          vs dark
                                        </option>
                                        <option
                                          value="hc-black"
                                        >
                                          hc dark
                                        </option>
                                      </select>
                                    </StyledComponent>
                                  </ForwardRef>
                                </Select>
                              </StyledComponent>
                            </ForwardRef>
                          </div>
                        </StyledComponent>
                      </ForwardRef>
                    </div>
                  </StyledComponent>
                </ForwardRef>
                <ForwardRef>
                  <StyledComponent
                    forwardedClass={
                      Object {
                        "$$typeof": Symbol(react.forward_ref),
                        "attrs": undefined,
                        "componentStyle": ComponentStyle {
                          "componentId": "Field-sc-3i0r91-3",
                          "isStatic": true,
                          "lastClassName": "fjKIlx",
                          "rules": Array [
                            "height:35px;",
                          ],
                        },
                        "displayName": "Field",
                        "render": [Function],
                        "styledComponentId": "Field-sc-3i0r91-3",
                        "target": "div",
                        "warnTooManyClasses": [Function],
                        "withComponent": [Function],
                      }
                    }
                    forwardedRef={null}
                  >
                    <div
                      className="Field-sc-3i0r91-3 fjKIlx"
                    >
                      <ForwardRef>
                        <StyledComponent
                          forwardedClass={
                            Object {
                              "$$typeof": Symbol(react.forward_ref),
                              "attrs": undefined,
                              "componentStyle": ComponentStyle {
                                "componentId": "Label-sc-3i0r91-1",
                                "isStatic": true,
                                "lastClassName": "hpqRMW",
                                "rules": Array [
                                  "display:flex;justify-content:space-between;align-items:baseline;margin-top:10px;",
                                ],
                              },
                              "displayName": "Label",
                              "render": [Function],
                              "styledComponentId": "Label-sc-3i0r91-1",
                              "target": "div",
                              "warnTooManyClasses": [Function],
                              "withComponent": [Function],
                            }
                          }
                          forwardedRef={null}
                        >
                          <div
                            className="Label-sc-3i0r91-1 hpqRMW"
                          >
                            <span>
                              Minimap:
                            </span>
                            <Checkbox
                              checked={false}
                              onChange={[Function]}
                            >
                              <ForwardRef
                                defaultChecked={false}
                                onChange={[Function]}
                                type="checkbox"
                              >
                                <StyledComponent
                                  defaultChecked={false}
                                  forwardedClass={
                                    Object {
                                      "$$typeof": Symbol(react.forward_ref),
                                      "attrs": undefined,
                                      "componentStyle": ComponentStyle {
                                        "componentId": "Box-sc-1bw5uxh-0",
                                        "isStatic": false,
                                        "lastClassName": "bEJBJa",
                                        "rules": Array [
                                          "-webkit-font-smoothing:antialiased;text-rendering:optimizeSpeed;width:15px;height:15px;margin-right:1px;display:block;float:left;position:relative;cursor:pointer;-webkit-appearance:none;outline:none;:after{content:\\"\\";vertical-align:middle;text-align:center;line-height:15px;position:absolute;cursor:pointer;height:15px;width:15px;left:0;top:0;font-size:10px;border:1px solid ",
                                          [Function],
                                          ";background:#fff;}:checked:after{content:'\\\\2714';color:",
                                          [Function],
                                          ";}",
                                        ],
                                      },
                                      "displayName": "Box",
                                      "render": [Function],
                                      "styledComponentId": "Box-sc-1bw5uxh-0",
                                      "target": "input",
                                      "warnTooManyClasses": [Function],
                                      "withComponent": [Function],
                                    }
                                  }
                                  forwardedRef={null}
                                  onChange={[Function]}
                                  type="checkbox"
                                >
                                  <input
                                    className="Box-sc-1bw5uxh-0 bEJBJa"
                                    defaultChecked={false}
                                    onChange={[Function]}
                                    type="checkbox"
                                  />
                                </StyledComponent>
                              </ForwardRef>
                            </Checkbox>
                          </div>
                        </StyledComponent>
                      </ForwardRef>
                    </div>
                  </StyledComponent>
                </ForwardRef>
                <ForwardRef>
                  <StyledComponent
                    forwardedClass={
                      Object {
                        "$$typeof": Symbol(react.forward_ref),
                        "attrs": undefined,
                        "componentStyle": ComponentStyle {
                          "componentId": "Field-sc-3i0r91-3",
                          "isStatic": true,
                          "lastClassName": "fjKIlx",
                          "rules": Array [
                            "height:35px;",
                          ],
                        },
                        "displayName": "Field",
                        "render": [Function],
                        "styledComponentId": "Field-sc-3i0r91-3",
                        "target": "div",
                        "warnTooManyClasses": [Function],
                        "withComponent": [Function],
                      }
                    }
                    forwardedRef={null}
                  >
                    <div
                      className="Field-sc-3i0r91-3 fjKIlx"
                    >
                      <ForwardRef>
                        <StyledComponent
                          forwardedClass={
                            Object {
                              "$$typeof": Symbol(react.forward_ref),
                              "attrs": undefined,
                              "componentStyle": ComponentStyle {
                                "componentId": "Label-sc-3i0r91-1",
                                "isStatic": true,
                                "lastClassName": "hpqRMW",
                                "rules": Array [
                                  "display:flex;justify-content:space-between;align-items:baseline;margin-top:10px;",
                                ],
                              },
                              "displayName": "Label",
                              "render": [Function],
                              "styledComponentId": "Label-sc-3i0r91-1",
                              "target": "div",
                              "warnTooManyClasses": [Function],
                              "withComponent": [Function],
                            }
                          }
                          forwardedRef={null}
                        >
                          <div
                            className="Label-sc-3i0r91-1 hpqRMW"
                          >
                            <span>
                              Line Numbers:
                            </span>
                            <Checkbox
                              checked={true}
                              onChange={[Function]}
                            >
                              <ForwardRef
                                defaultChecked={true}
                                onChange={[Function]}
                                type="checkbox"
                              >
                                <StyledComponent
                                  defaultChecked={true}
                                  forwardedClass={
                                    Object {
                                      "$$typeof": Symbol(react.forward_ref),
                                      "attrs": undefined,
                                      "componentStyle": ComponentStyle {
                                        "componentId": "Box-sc-1bw5uxh-0",
                                        "isStatic": false,
                                        "lastClassName": "bEJBJa",
                                        "rules": Array [
                                          "-webkit-font-smoothing:antialiased;text-rendering:optimizeSpeed;width:15px;height:15px;margin-right:1px;display:block;float:left;position:relative;cursor:pointer;-webkit-appearance:none;outline:none;:after{content:\\"\\";vertical-align:middle;text-align:center;line-height:15px;position:absolute;cursor:pointer;height:15px;width:15px;left:0;top:0;font-size:10px;border:1px solid ",
                                          [Function],
                                          ";background:#fff;}:checked:after{content:'\\\\2714';color:",
                                          [Function],
                                          ";}",
                                        ],
                                      },
                                      "displayName": "Box",
                                      "render": [Function],
                                      "styledComponentId": "Box-sc-1bw5uxh-0",
                                      "target": "input",
                                      "warnTooManyClasses": [Function],
                                      "withComponent": [Function],
                                    }
                                  }
                                  forwardedRef={null}
                                  onChange={[Function]}
                                  type="checkbox"
                                >
                                  <input
                                    className="Box-sc-1bw5uxh-0 bEJBJa"
                                    defaultChecked={true}
                                    onChange={[Function]}
                                    type="checkbox"
                                  />
                                </StyledComponent>
                              </ForwardRef>
                            </Checkbox>
                          </div>
                        </StyledComponent>
                      </ForwardRef>
                    </div>
                  </StyledComponent>
                </ForwardRef>
                <ForwardRef>
                  <StyledComponent
                    forwardedClass={
                      Object {
                        "$$typeof": Symbol(react.forward_ref),
                        "attrs": undefined,
                        "componentStyle": ComponentStyle {
                          "componentId": "Field-sc-3i0r91-3",
                          "isStatic": true,
                          "lastClassName": "fjKIlx",
                          "rules": Array [
                            "height:35px;",
                          ],
                        },
                        "displayName": "Field",
                        "render": [Function],
                        "styledComponentId": "Field-sc-3i0r91-3",
                        "target": "div",
                        "warnTooManyClasses": [Function],
                        "withComponent": [Function],
                      }
                    }
                    forwardedRef={null}
                  >
                    <div
                      className="Field-sc-3i0r91-3 fjKIlx"
                    >
                      <ForwardRef>
                        <StyledComponent
                          forwardedClass={
                            Object {
                              "$$typeof": Symbol(react.forward_ref),
                              "attrs": undefined,
                              "componentStyle": ComponentStyle {
                                "componentId": "Label-sc-3i0r91-1",
                                "isStatic": true,
                                "lastClassName": "hpqRMW",
                                "rules": Array [
                                  "display:flex;justify-content:space-between;align-items:baseline;margin-top:10px;",
                                ],
                              },
                              "displayName": "Label",
                              "render": [Function],
                              "styledComponentId": "Label-sc-3i0r91-1",
                              "target": "div",
                              "warnTooManyClasses": [Function],
                              "withComponent": [Function],
                            }
                          }
                          forwardedRef={null}
                        >
                          <div
                            className="Label-sc-3i0r91-1 hpqRMW"
                          >
                            <span>
                              Format On Paste:
                            </span>
                            <Checkbox
                              checked={true}
                              onChange={[Function]}
                            >
                              <ForwardRef
                                defaultChecked={true}
                                onChange={[Function]}
                                type="checkbox"
                              >
                                <StyledComponent
                                  defaultChecked={true}
                                  forwardedClass={
                                    Object {
                                      "$$typeof": Symbol(react.forward_ref),
                                      "attrs": undefined,
                                      "componentStyle": ComponentStyle {
                                        "componentId": "Box-sc-1bw5uxh-0",
                                        "isStatic": false,
                                        "lastClassName": "bEJBJa",
                                        "rules": Array [
                                          "-webkit-font-smoothing:antialiased;text-rendering:optimizeSpeed;width:15px;height:15px;margin-right:1px;display:block;float:left;position:relative;cursor:pointer;-webkit-appearance:none;outline:none;:after{content:\\"\\";vertical-align:middle;text-align:center;line-height:15px;position:absolute;cursor:pointer;height:15px;width:15px;left:0;top:0;font-size:10px;border:1px solid ",
                                          [Function],
                                          ";background:#fff;}:checked:after{content:'\\\\2714';color:",
                                          [Function],
                                          ";}",
                                        ],
                                      },
                                      "displayName": "Box",
                                      "render": [Function],
                                      "styledComponentId": "Box-sc-1bw5uxh-0",
                                      "target": "input",
                                      "warnTooManyClasses": [Function],
                                      "withComponent": [Function],
                                    }
                                  }
                                  forwardedRef={null}
                                  onChange={[Function]}
                                  type="checkbox"
                                >
                                  <input
                                    className="Box-sc-1bw5uxh-0 bEJBJa"
                                    defaultChecked={true}
                                    onChange={[Function]}
                                    type="checkbox"
                                  />
                                </StyledComponent>
                              </ForwardRef>
                            </Checkbox>
                          </div>
                        </StyledComponent>
                      </ForwardRef>
                    </div>
                  </StyledComponent>
                </ForwardRef>
                <ForwardRef>
                  <StyledComponent
                    forwardedClass={
                      Object {
                        "$$typeof": Symbol(react.forward_ref),
                        "attrs": undefined,
                        "componentStyle": ComponentStyle {
                          "componentId": "Field-sc-3i0r91-3",
                          "isStatic": true,
                          "lastClassName": "fjKIlx",
                          "rules": Array [
                            "height:35px;",
                          ],
                        },
                        "displayName": "Field",
                        "render": [Function],
                        "styledComponentId": "Field-sc-3i0r91-3",
                        "target": "div",
                        "warnTooManyClasses": [Function],
                        "withComponent": [Function],
                      }
                    }
                    forwardedRef={null}
                  >
                    <div
                      className="Field-sc-3i0r91-3 fjKIlx"
                    >
                      <ForwardRef>
                        <StyledComponent
                          forwardedClass={
                            Object {
                              "$$typeof": Symbol(react.forward_ref),
                              "attrs": undefined,
                              "componentStyle": ComponentStyle {
                                "componentId": "Label-sc-3i0r91-1",
                                "isStatic": true,
                                "lastClassName": "hpqRMW",
                                "rules": Array [
                                  "display:flex;justify-content:space-between;align-items:baseline;margin-top:10px;",
                                ],
                              },
                              "displayName": "Label",
                              "render": [Function],
                              "styledComponentId": "Label-sc-3i0r91-1",
                              "target": "div",
                              "warnTooManyClasses": [Function],
                              "withComponent": [Function],
                            }
                          }
                          forwardedRef={null}
                        >
                          <div
                            className="Label-sc-3i0r91-1 hpqRMW"
                          >
                            <span>
                              Font Family:
                            </span>
                            <ForwardRef
                              onChange={[Function]}
                              type="text"
                              value="monospace"
                            >
                              <StyledComponent
                                forwardedClass={
                                  Object {
                                    "$$typeof": Symbol(react.forward_ref),
                                    "attrs": undefined,
                                    "componentStyle": ComponentStyle {
                                      "componentId": "StyledInput-sc-3i0r91-4",
                                      "isStatic": true,
                                      "lastClassName": "lIHVh",
                                      "rules": Array [
                                        "padding:0 5px;width:148px;",
                                      ],
                                    },
                                    "displayName": "StyledInput",
                                    "render": [Function],
                                    "styledComponentId": "StyledInput-sc-3i0r91-4",
                                    "target": [Function],
                                    "warnTooManyClasses": [Function],
                                    "withComponent": [Function],
                                    Symbol(Symbol.hasInstance): [Function],
                                  }
                                }
                                forwardedRef={null}
                                onChange={[Function]}
                                type="text"
                                value="monospace"
                              >
                                <Input
                                  className="StyledInput-sc-3i0r91-4 lIHVh"
                                  onChange={[Function]}
                                  type="text"
                                  value="monospace"
                                >
                                  <ForwardRef
                                    className="StyledInput-sc-3i0r91-4 lIHVh"
                                    defaultValue="monospace"
                                    disabled={false}
                                    onChange={[Function]}
                                    title=""
                                    type="text"
                                  >
                                    <StyledComponent
                                      className="StyledInput-sc-3i0r91-4 lIHVh"
                                      defaultValue="monospace"
                                      disabled={false}
                                      forwardedClass={
                                        Object {
                                          "$$typeof": Symbol(react.forward_ref),
                                          "attrs": undefined,
                                          "componentStyle": ComponentStyle {
                                            "componentId": "StyledInput-sc-86zjwb-0",
                                            "isStatic": false,
                                            "lastClassName": "bQeLId",
                                            "rules": Array [
                                              "border:none;border-radius:0;height:30px;color:",
                                              [Function],
                                              ";border-bottom:1px solid ",
                                              [Function],
                                              ";background:",
                                              [Function],
                                              ";&:focus{outline:none;}::placeholder{color:",
                                              [Function],
                                              ";opacity:1;}",
                                            ],
                                          },
                                          "displayName": "StyledInput",
                                          "render": [Function],
                                          "styledComponentId": "StyledInput-sc-86zjwb-0",
                                          "target": "input",
                                          "warnTooManyClasses": [Function],
                                          "withComponent": [Function],
                                        }
                                      }
                                      forwardedRef={null}
                                      onChange={[Function]}
                                      title=""
                                      type="text"
                                    >
                                      <input
                                        className="StyledInput-sc-3i0r91-4 lIHVh StyledInput-sc-86zjwb-0 bQeLId"
                                        defaultValue="monospace"
                                        disabled={false}
                                        onChange={[Function]}
                                        title=""
                                        type="text"
                                      />
                                    </StyledComponent>
                                  </ForwardRef>
                                </Input>
                              </StyledComponent>
                            </ForwardRef>
                          </div>
                        </StyledComponent>
                      </ForwardRef>
                    </div>
                  </StyledComponent>
                </ForwardRef>
              </div>
            </StyledComponent>
          </ForwardRef>
          <ForwardRef>
            <StyledComponent
              forwardedClass={
                Object {
                  "$$typeof": Symbol(react.forward_ref),
                  "attrs": undefined,
                  "componentStyle": ComponentStyle {
                    "componentId": "Section-sc-3i0r91-2",
                    "isStatic": true,
                    "lastClassName": "gqkeLg",
                    "rules": Array [
                      "width:45%;",
                    ],
                  },
                  "displayName": "Section",
                  "render": [Function],
                  "styledComponentId": "Section-sc-3i0r91-2",
                  "target": "div",
                  "warnTooManyClasses": [Function],
                  "withComponent": [Function],
                }
              }
              forwardedRef={null}
            >
              <div
                className="Section-sc-3i0r91-2 gqkeLg"
              >
                <ForwardRef>
                  <StyledComponent
                    forwardedClass={
                      Object {
                        "$$typeof": Symbol(react.forward_ref),
                        "attrs": undefined,
                        "componentStyle": ComponentStyle {
                          "componentId": "Field-sc-3i0r91-3",
                          "isStatic": true,
                          "lastClassName": "fjKIlx",
                          "rules": Array [
                            "height:35px;",
                          ],
                        },
                        "displayName": "Field",
                        "render": [Function],
                        "styledComponentId": "Field-sc-3i0r91-3",
                        "target": "div",
                        "warnTooManyClasses": [Function],
                        "withComponent": [Function],
                      }
                    }
                    forwardedRef={null}
                  >
                    <div
                      className="Field-sc-3i0r91-3 fjKIlx"
                    >
                      <ForwardRef>
                        <StyledComponent
                          forwardedClass={
                            Object {
                              "$$typeof": Symbol(react.forward_ref),
                              "attrs": undefined,
                              "componentStyle": ComponentStyle {
                                "componentId": "Label-sc-3i0r91-1",
                                "isStatic": true,
                                "lastClassName": "hpqRMW",
                                "rules": Array [
                                  "display:flex;justify-content:space-between;align-items:baseline;margin-top:10px;",
                                ],
                              },
                              "displayName": "Label",
                              "render": [Function],
                              "styledComponentId": "Label-sc-3i0r91-1",
                              "target": "div",
                              "warnTooManyClasses": [Function],
                              "withComponent": [Function],
                            }
                          }
                          forwardedRef={null}
                        >
                          <div
                            className="Label-sc-3i0r91-1 hpqRMW"
                          >
                            <span>
                              Font Size:
                            </span>
                            <ForwardRef
                              onChange={[Function]}
                              type="number"
                              value={12}
                            >
                              <StyledComponent
                                forwardedClass={
                                  Object {
                                    "$$typeof": Symbol(react.forward_ref),
                                    "attrs": undefined,
                                    "componentStyle": ComponentStyle {
                                      "componentId": "StyledInput-sc-3i0r91-4",
                                      "isStatic": true,
                                      "lastClassName": "lIHVh",
                                      "rules": Array [
                                        "padding:0 5px;width:148px;",
                                      ],
                                    },
                                    "displayName": "StyledInput",
                                    "render": [Function],
                                    "styledComponentId": "StyledInput-sc-3i0r91-4",
                                    "target": [Function],
                                    "warnTooManyClasses": [Function],
                                    "withComponent": [Function],
                                    Symbol(Symbol.hasInstance): [Function],
                                  }
                                }
                                forwardedRef={null}
                                onChange={[Function]}
                                type="number"
                                value={12}
                              >
                                <Input
                                  className="StyledInput-sc-3i0r91-4 lIHVh"
                                  onChange={[Function]}
                                  type="number"
                                  value={12}
                                >
                                  <ForwardRef
                                    className="StyledInput-sc-3i0r91-4 lIHVh"
                                    defaultValue={12}
                                    disabled={false}
                                    onChange={[Function]}
                                    title=""
                                    type="number"
                                  >
                                    <StyledComponent
                                      className="StyledInput-sc-3i0r91-4 lIHVh"
                                      defaultValue={12}
                                      disabled={false}
                                      forwardedClass={
                                        Object {
                                          "$$typeof": Symbol(react.forward_ref),
                                          "attrs": undefined,
                                          "componentStyle": ComponentStyle {
                                            "componentId": "StyledInput-sc-86zjwb-0",
                                            "isStatic": false,
                                            "lastClassName": "bQeLId",
                                            "rules": Array [
                                              "border:none;border-radius:0;height:30px;color:",
                                              [Function],
                                              ";border-bottom:1px solid ",
                                              [Function],
                                              ";background:",
                                              [Function],
                                              ";&:focus{outline:none;}::placeholder{color:",
                                              [Function],
                                              ";opacity:1;}",
                                            ],
                                          },
                                          "displayName": "StyledInput",
                                          "render": [Function],
                                          "styledComponentId": "StyledInput-sc-86zjwb-0",
                                          "target": "input",
                                          "warnTooManyClasses": [Function],
                                          "withComponent": [Function],
                                        }
                                      }
                                      forwardedRef={null}
                                      onChange={[Function]}
                                      title=""
                                      type="number"
                                    >
                                      <input
                                        className="StyledInput-sc-3i0r91-4 lIHVh StyledInput-sc-86zjwb-0 bQeLId"
                                        defaultValue={12}
                                        disabled={false}
                                        onChange={[Function]}
                                        title=""
                                        type="number"
                                      />
                                    </StyledComponent>
                                  </ForwardRef>
                                </Input>
                              </StyledComponent>
                            </ForwardRef>
                          </div>
                        </StyledComponent>
                      </ForwardRef>
                    </div>
                  </StyledComponent>
                </ForwardRef>
                <ForwardRef>
                  <StyledComponent
                    forwardedClass={
                      Object {
                        "$$typeof": Symbol(react.forward_ref),
                        "attrs": undefined,
                        "componentStyle": ComponentStyle {
                          "componentId": "Field-sc-3i0r91-3",
                          "isStatic": true,
                          "lastClassName": "fjKIlx",
                          "rules": Array [
                            "height:35px;",
                          ],
                        },
                        "displayName": "Field",
                        "render": [Function],
                        "styledComponentId": "Field-sc-3i0r91-3",
                        "target": "div",
                        "warnTooManyClasses": [Function],
                        "withComponent": [Function],
                      }
                    }
                    forwardedRef={null}
                  >
                    <div
                      className="Field-sc-3i0r91-3 fjKIlx"
                    >
                      <ForwardRef>
                        <StyledComponent
                          forwardedClass={
                            Object {
                              "$$typeof": Symbol(react.forward_ref),
                              "attrs": undefined,
                              "componentStyle": ComponentStyle {
                                "componentId": "Label-sc-3i0r91-1",
                                "isStatic": true,
                                "lastClassName": "hpqRMW",
                                "rules": Array [
                                  "display:flex;justify-content:space-between;align-items:baseline;margin-top:10px;",
                                ],
                              },
                              "displayName": "Label",
                              "render": [Function],
                              "styledComponentId": "Label-sc-3i0r91-1",
                              "target": "div",
                              "warnTooManyClasses": [Function],
                              "withComponent": [Function],
                            }
                          }
                          forwardedRef={null}
                        >
                          <div
                            className="Label-sc-3i0r91-1 hpqRMW"
                          >
                            <span>
                              Line height:
                            </span>
                            <ForwardRef
                              onChange={[Function]}
                              type="number"
                              value={21}
                            >
                              <StyledComponent
                                forwardedClass={
                                  Object {
                                    "$$typeof": Symbol(react.forward_ref),
                                    "attrs": undefined,
                                    "componentStyle": ComponentStyle {
                                      "componentId": "StyledInput-sc-3i0r91-4",
                                      "isStatic": true,
                                      "lastClassName": "lIHVh",
                                      "rules": Array [
                                        "padding:0 5px;width:148px;",
                                      ],
                                    },
                                    "displayName": "StyledInput",
                                    "render": [Function],
                                    "styledComponentId": "StyledInput-sc-3i0r91-4",
                                    "target": [Function],
                                    "warnTooManyClasses": [Function],
                                    "withComponent": [Function],
                                    Symbol(Symbol.hasInstance): [Function],
                                  }
                                }
                                forwardedRef={null}
                                onChange={[Function]}
                                type="number"
                                value={21}
                              >
                                <Input
                                  className="StyledInput-sc-3i0r91-4 lIHVh"
                                  onChange={[Function]}
                                  type="number"
                                  value={21}
                                >
                                  <ForwardRef
                                    className="StyledInput-sc-3i0r91-4 lIHVh"
                                    defaultValue={21}
                                    disabled={false}
                                    onChange={[Function]}
                                    title=""
                                    type="number"
                                  >
                                    <StyledComponent
                                      className="StyledInput-sc-3i0r91-4 lIHVh"
                                      defaultValue={21}
                                      disabled={false}
                                      forwardedClass={
                                        Object {
                                          "$$typeof": Symbol(react.forward_ref),
                                          "attrs": undefined,
                                          "componentStyle": ComponentStyle {
                                            "componentId": "StyledInput-sc-86zjwb-0",
                                            "isStatic": false,
                                            "lastClassName": "bQeLId",
                                            "rules": Array [
                                              "border:none;border-radius:0;height:30px;color:",
                                              [Function],
                                              ";border-bottom:1px solid ",
                                              [Function],
                                              ";background:",
                                              [Function],
                                              ";&:focus{outline:none;}::placeholder{color:",
                                              [Function],
                                              ";opacity:1;}",
                                            ],
                                          },
                                          "displayName": "StyledInput",
                                          "render": [Function],
                                          "styledComponentId": "StyledInput-sc-86zjwb-0",
                                          "target": "input",
                                          "warnTooManyClasses": [Function],
                                          "withComponent": [Function],
                                        }
                                      }
                                      forwardedRef={null}
                                      onChange={[Function]}
                                      title=""
                                      type="number"
                                    >
                                      <input
                                        className="StyledInput-sc-3i0r91-4 lIHVh StyledInput-sc-86zjwb-0 bQeLId"
                                        defaultValue={21}
                                        disabled={false}
                                        onChange={[Function]}
                                        title=""
                                        type="number"
                                      />
                                    </StyledComponent>
                                  </ForwardRef>
                                </Input>
                              </StyledComponent>
                            </ForwardRef>
                          </div>
                        </StyledComponent>
                      </ForwardRef>
                    </div>
                  </StyledComponent>
                </ForwardRef>
                <ForwardRef>
                  <StyledComponent
                    forwardedClass={
                      Object {
                        "$$typeof": Symbol(react.forward_ref),
                        "attrs": undefined,
                        "componentStyle": ComponentStyle {
                          "componentId": "Field-sc-3i0r91-3",
                          "isStatic": true,
                          "lastClassName": "fjKIlx",
                          "rules": Array [
                            "height:35px;",
                          ],
                        },
                        "displayName": "Field",
                        "render": [Function],
                        "styledComponentId": "Field-sc-3i0r91-3",
                        "target": "div",
                        "warnTooManyClasses": [Function],
                        "withComponent": [Function],
                      }
                    }
                    forwardedRef={null}
                  >
                    <div
                      className="Field-sc-3i0r91-3 fjKIlx"
                    >
                      <ForwardRef>
                        <StyledComponent
                          forwardedClass={
                            Object {
                              "$$typeof": Symbol(react.forward_ref),
                              "attrs": undefined,
                              "componentStyle": ComponentStyle {
                                "componentId": "Label-sc-3i0r91-1",
                                "isStatic": true,
                                "lastClassName": "hpqRMW",
                                "rules": Array [
                                  "display:flex;justify-content:space-between;align-items:baseline;margin-top:10px;",
                                ],
                              },
                              "displayName": "Label",
                              "render": [Function],
                              "styledComponentId": "Label-sc-3i0r91-1",
                              "target": "div",
                              "warnTooManyClasses": [Function],
                              "withComponent": [Function],
                            }
                          }
                          forwardedRef={null}
                        >
                          <div
                            className="Label-sc-3i0r91-1 hpqRMW"
                          >
                            <span>
                              Font Ligatures:
                            </span>
                            <Checkbox
                              checked={false}
                              onChange={[Function]}
                            >
                              <ForwardRef
                                defaultChecked={false}
                                onChange={[Function]}
                                type="checkbox"
                              >
                                <StyledComponent
                                  defaultChecked={false}
                                  forwardedClass={
                                    Object {
                                      "$$typeof": Symbol(react.forward_ref),
                                      "attrs": undefined,
                                      "componentStyle": ComponentStyle {
                                        "componentId": "Box-sc-1bw5uxh-0",
                                        "isStatic": false,
                                        "lastClassName": "bEJBJa",
                                        "rules": Array [
                                          "-webkit-font-smoothing:antialiased;text-rendering:optimizeSpeed;width:15px;height:15px;margin-right:1px;display:block;float:left;position:relative;cursor:pointer;-webkit-appearance:none;outline:none;:after{content:\\"\\";vertical-align:middle;text-align:center;line-height:15px;position:absolute;cursor:pointer;height:15px;width:15px;left:0;top:0;font-size:10px;border:1px solid ",
                                          [Function],
                                          ";background:#fff;}:checked:after{content:'\\\\2714';color:",
                                          [Function],
                                          ";}",
                                        ],
                                      },
                                      "displayName": "Box",
                                      "render": [Function],
                                      "styledComponentId": "Box-sc-1bw5uxh-0",
                                      "target": "input",
                                      "warnTooManyClasses": [Function],
                                      "withComponent": [Function],
                                    }
                                  }
                                  forwardedRef={null}
                                  onChange={[Function]}
                                  type="checkbox"
                                >
                                  <input
                                    className="Box-sc-1bw5uxh-0 bEJBJa"
                                    defaultChecked={false}
                                    onChange={[Function]}
                                    type="checkbox"
                                  />
                                </StyledComponent>
                              </ForwardRef>
                            </Checkbox>
                          </div>
                        </StyledComponent>
                      </ForwardRef>
                    </div>
                  </StyledComponent>
                </ForwardRef>
                <ForwardRef>
                  <StyledComponent
                    forwardedClass={
                      Object {
                        "$$typeof": Symbol(react.forward_ref),
                        "attrs": undefined,
                        "componentStyle": ComponentStyle {
                          "componentId": "Field-sc-3i0r91-3",
                          "isStatic": true,
                          "lastClassName": "fjKIlx",
                          "rules": Array [
                            "height:35px;",
                          ],
                        },
                        "displayName": "Field",
                        "render": [Function],
                        "styledComponentId": "Field-sc-3i0r91-3",
                        "target": "div",
                        "warnTooManyClasses": [Function],
                        "withComponent": [Function],
                      }
                    }
                    forwardedRef={null}
                  >
                    <div
                      className="Field-sc-3i0r91-3 fjKIlx"
                    >
                      <ForwardRef>
                        <StyledComponent
                          forwardedClass={
                            Object {
                              "$$typeof": Symbol(react.forward_ref),
                              "attrs": undefined,
                              "componentStyle": ComponentStyle {
                                "componentId": "Label-sc-3i0r91-1",
                                "isStatic": true,
                                "lastClassName": "hpqRMW",
                                "rules": Array [
                                  "display:flex;justify-content:space-between;align-items:baseline;margin-top:10px;",
                                ],
                              },
                              "displayName": "Label",
                              "render": [Function],
                              "styledComponentId": "Label-sc-3i0r91-1",
                              "target": "div",
                              "warnTooManyClasses": [Function],
                              "withComponent": [Function],
                            }
                          }
                          forwardedRef={null}
                        >
                          <div
                            className="Label-sc-3i0r91-1 hpqRMW"
                          >
                            <span>
                              Code lens:
                            </span>
                            <Checkbox
                              checked={false}
                              onChange={[Function]}
                            >
                              <ForwardRef
                                defaultChecked={false}
                                onChange={[Function]}
                                type="checkbox"
                              >
                                <StyledComponent
                                  defaultChecked={false}
                                  forwardedClass={
                                    Object {
                                      "$$typeof": Symbol(react.forward_ref),
                                      "attrs": undefined,
                                      "componentStyle": ComponentStyle {
                                        "componentId": "Box-sc-1bw5uxh-0",
                                        "isStatic": false,
                                        "lastClassName": "bEJBJa",
                                        "rules": Array [
                                          "-webkit-font-smoothing:antialiased;text-rendering:optimizeSpeed;width:15px;height:15px;margin-right:1px;display:block;float:left;position:relative;cursor:pointer;-webkit-appearance:none;outline:none;:after{content:\\"\\";vertical-align:middle;text-align:center;line-height:15px;position:absolute;cursor:pointer;height:15px;width:15px;left:0;top:0;font-size:10px;border:1px solid ",
                                          [Function],
                                          ";background:#fff;}:checked:after{content:'\\\\2714';color:",
                                          [Function],
                                          ";}",
                                        ],
                                      },
                                      "displayName": "Box",
                                      "render": [Function],
                                      "styledComponentId": "Box-sc-1bw5uxh-0",
                                      "target": "input",
                                      "warnTooManyClasses": [Function],
                                      "withComponent": [Function],
                                    }
                                  }
                                  forwardedRef={null}
                                  onChange={[Function]}
                                  type="checkbox"
                                >
                                  <input
                                    className="Box-sc-1bw5uxh-0 bEJBJa"
                                    defaultChecked={false}
                                    onChange={[Function]}
                                    type="checkbox"
                                  />
                                </StyledComponent>
                              </ForwardRef>
                            </Checkbox>
                          </div>
                        </StyledComponent>
                      </ForwardRef>
                    </div>
                  </StyledComponent>
                </ForwardRef>
                <ForwardRef>
                  <StyledComponent
                    forwardedClass={
                      Object {
                        "$$typeof": Symbol(react.forward_ref),
                        "attrs": undefined,
                        "componentStyle": ComponentStyle {
                          "componentId": "Field-sc-3i0r91-3",
                          "isStatic": true,
                          "lastClassName": "fjKIlx",
                          "rules": Array [
                            "height:35px;",
                          ],
                        },
                        "displayName": "Field",
                        "render": [Function],
                        "styledComponentId": "Field-sc-3i0r91-3",
                        "target": "div",
                        "warnTooManyClasses": [Function],
                        "withComponent": [Function],
                      }
                    }
                    forwardedRef={null}
                  >
                    <div
                      className="Field-sc-3i0r91-3 fjKIlx"
                    >
                      <ForwardRef>
                        <StyledComponent
                          forwardedClass={
                            Object {
                              "$$typeof": Symbol(react.forward_ref),
                              "attrs": undefined,
                              "componentStyle": ComponentStyle {
                                "componentId": "Label-sc-3i0r91-1",
                                "isStatic": true,
                                "lastClassName": "hpqRMW",
                                "rules": Array [
                                  "display:flex;justify-content:space-between;align-items:baseline;margin-top:10px;",
                                ],
                              },
                              "displayName": "Label",
                              "render": [Function],
                              "styledComponentId": "Label-sc-3i0r91-1",
                              "target": "div",
                              "warnTooManyClasses": [Function],
                              "withComponent": [Function],
                            }
                          }
                          forwardedRef={null}
                        >
                          <div
                            className="Label-sc-3i0r91-1 hpqRMW"
                          >
                            <span>
                              Cursor Blinking:
                            </span>
                            <ForwardRef
                              onChange={[Function]}
                              value="blink"
                            >
                              <StyledComponent
                                forwardedClass={
                                  Object {
                                    "$$typeof": Symbol(react.forward_ref),
                                    "attrs": undefined,
                                    "componentStyle": ComponentStyle {
                                      "componentId": "StyledISelect-sc-3i0r91-5",
                                      "isStatic": true,
                                      "lastClassName": "bnSweD",
                                      "rules": Array [
                                        "width:158px;",
                                      ],
                                    },
                                    "displayName": "StyledISelect",
                                    "render": [Function],
                                    "styledComponentId": "StyledISelect-sc-3i0r91-5",
                                    "target": [Function],
                                    "warnTooManyClasses": [Function],
                                    "withComponent": [Function],
                                    Symbol(Symbol.hasInstance): [Function],
                                  }
                                }
                                forwardedRef={null}
                                onChange={[Function]}
                                value="blink"
                              >
                                <Select
                                  className="StyledISelect-sc-3i0r91-5 bnSweD"
                                  onChange={[Function]}
                                  value="blink"
                                >
                                  <ForwardRef
                                    className="StyledISelect-sc-3i0r91-5 bnSweD"
                                    defaultValue="blink"
                                    onChange={[Function]}
                                  >
                                    <StyledComponent
                                      className="StyledISelect-sc-3i0r91-5 bnSweD"
                                      defaultValue="blink"
                                      forwardedClass={
                                        Object {
                                          "$$typeof": Symbol(react.forward_ref),
                                          "attrs": undefined,
                                          "componentStyle": ComponentStyle {
                                            "componentId": "SelectInput-sc-13maoso-0",
                                            "isStatic": false,
                                            "lastClassName": "iASYFp",
                                            "rules": Array [
                                              "-webkit-appearance:none;border:1px solid ",
                                              [Function],
                                              ";line-height:1;outline:0;color:",
                                              [Function],
                                              ";padding:5px;border-radius:0;background:linear-gradient(",
                                              [Function],
                                              ",",
                                              [Function],
                                              ") no-repeat,linear-gradient(-135deg,rgba(255,255,255,0) 50%,white 50%) no-repeat,linear-gradient(-225deg,rgba(255,255,255,0) 50%,white 50%) no-repeat,linear-gradient(",
                                              [Function],
                                              ",",
                                              [Function],
                                              ") no-repeat;background-color:#fff;background-size:1px 100%,20px 20px,20px 20px,20px 60%;background-position:right 20px center,right bottom,right bottom,right bottom;border:none;border-bottom:1px solid ",
                                              [Function],
                                              ";option{background-color:white;}",
                                            ],
                                          },
                                          "displayName": "SelectInput",
                                          "render": [Function],
                                          "styledComponentId": "SelectInput-sc-13maoso-0",
                                          "target": "select",
                                          "warnTooManyClasses": [Function],
                                          "withComponent": [Function],
                                        }
                                      }
                                      forwardedRef={null}
                                      onChange={[Function]}
                                    >
                                      <select
                                        className="StyledISelect-sc-3i0r91-5 bnSweD SelectInput-sc-13maoso-0 iASYFp"
                                        defaultValue="blink"
                                        onChange={[Function]}
                                      >
                                        <option
                                          value="blink"
                                        >
                                          blink
                                        </option>
                                        <option
                                          value="smooth"
                                        >
                                          smooth
                                        </option>
                                        <option
                                          value="phase"
                                        >
                                          phase
                                        </option>
                                        <option
                                          value="expand"
                                        >
                                          expand
                                        </option>
                                        <option
                                          value="solid"
                                        >
                                          solid
                                        </option>
                                      </select>
                                    </StyledComponent>
                                  </ForwardRef>
                                </Select>
                              </StyledComponent>
                            </ForwardRef>
                          </div>
                        </StyledComponent>
                      </ForwardRef>
                    </div>
                  </StyledComponent>
                </ForwardRef>
                <ForwardRef>
                  <StyledComponent
                    forwardedClass={
                      Object {
                        "$$typeof": Symbol(react.forward_ref),
                        "attrs": undefined,
                        "componentStyle": ComponentStyle {
                          "componentId": "Field-sc-3i0r91-3",
                          "isStatic": true,
                          "lastClassName": "fjKIlx",
                          "rules": Array [
                            "height:35px;",
                          ],
                        },
                        "displayName": "Field",
                        "render": [Function],
                        "styledComponentId": "Field-sc-3i0r91-3",
                        "target": "div",
                        "warnTooManyClasses": [Function],
                        "withComponent": [Function],
                      }
                    }
                    forwardedRef={null}
                  >
                    <div
                      className="Field-sc-3i0r91-3 fjKIlx"
                    >
                      <ForwardRef>
                        <StyledComponent
                          forwardedClass={
                            Object {
                              "$$typeof": Symbol(react.forward_ref),
                              "attrs": undefined,
                              "componentStyle": ComponentStyle {
                                "componentId": "Label-sc-3i0r91-1",
                                "isStatic": true,
                                "lastClassName": "hpqRMW",
                                "rules": Array [
                                  "display:flex;justify-content:space-between;align-items:baseline;margin-top:10px;",
                                ],
                              },
                              "displayName": "Label",
                              "render": [Function],
                              "styledComponentId": "Label-sc-3i0r91-1",
                              "target": "div",
                              "warnTooManyClasses": [Function],
                              "withComponent": [Function],
                            }
                          }
                          forwardedRef={null}
                        >
                          <div
                            className="Label-sc-3i0r91-1 hpqRMW"
                          >
                            <span>
                              Select On Line Numbers:
                            </span>
                            <Checkbox
                              checked={false}
                              onChange={[Function]}
                            >
                              <ForwardRef
                                defaultChecked={false}
                                onChange={[Function]}
                                type="checkbox"
                              >
                                <StyledComponent
                                  defaultChecked={false}
                                  forwardedClass={
                                    Object {
                                      "$$typeof": Symbol(react.forward_ref),
                                      "attrs": undefined,
                                      "componentStyle": ComponentStyle {
                                        "componentId": "Box-sc-1bw5uxh-0",
                                        "isStatic": false,
                                        "lastClassName": "bEJBJa",
                                        "rules": Array [
                                          "-webkit-font-smoothing:antialiased;text-rendering:optimizeSpeed;width:15px;height:15px;margin-right:1px;display:block;float:left;position:relative;cursor:pointer;-webkit-appearance:none;outline:none;:after{content:\\"\\";vertical-align:middle;text-align:center;line-height:15px;position:absolute;cursor:pointer;height:15px;width:15px;left:0;top:0;font-size:10px;border:1px solid ",
                                          [Function],
                                          ";background:#fff;}:checked:after{content:'\\\\2714';color:",
                                          [Function],
                                          ";}",
                                        ],
                                      },
                                      "displayName": "Box",
                                      "render": [Function],
                                      "styledComponentId": "Box-sc-1bw5uxh-0",
                                      "target": "input",
                                      "warnTooManyClasses": [Function],
                                      "withComponent": [Function],
                                    }
                                  }
                                  forwardedRef={null}
                                  onChange={[Function]}
                                  type="checkbox"
                                >
                                  <input
                                    className="Box-sc-1bw5uxh-0 bEJBJa"
                                    defaultChecked={false}
                                    onChange={[Function]}
                                    type="checkbox"
                                  />
                                </StyledComponent>
                              </ForwardRef>
                            </Checkbox>
                          </div>
                        </StyledComponent>
                      </ForwardRef>
                    </div>
                  </StyledComponent>
                </ForwardRef>
              </div>
            </StyledComponent>
          </ForwardRef>
        </div>
      </StyledComponent>
    </ForwardRef>
  </div>
</EditorSettings>
`;
