// Jest Snapshot v1, https://goo.gl/fbAQLP

exports[`COMPONENTS - <SnippetsSettings> render SnippetsSettings 1`] = `
<div>
  <h4>
    Snippets settings:
  </h4>
  <Section>
    <Field>
      <Label>
        <span>
          Snippet cache (seconds):
        </span>
        <StyledInput
          onChange={[Function]}
          title="Keep snippet in cache for N seconds and do not call the server"
          type="number"
          value={100}
        />
      </Label>
    </Field>
    <Field>
      <Label>
        <span>
          Snippets polling (seconds):
        </span>
        <StyledInput
          max={10000}
          min={1}
          onChange={[Function]}
          title="Polling the server for new snippets every N seconds"
          type="number"
          value={300}
        />
      </Label>
    </Field>
    <Field>
      <Label>
        <span>
          Default new snippet is public:
        </span>
        <Checkbox
          checked={false}
          onChange={[Function]}
        />
      </Label>
    </Field>
  </Section>
</div>
`;
