// Jest Snapshot v1, https://goo.gl/fbAQLP

exports[`COMPONENTS - <SnippetsSettings> render SnippetsSettings 1`] = `
<div>
  <H4>
    Snippets settings:
  </H4>
  <Wrapper>
    <Section>
      <Field>
        <Label>
          <span>
            Snippet cache (seconds):
          </span>
          <StyledInput
            onChange={[Function]}
            title="Keep snippet in cache for 100 seconds and do not call the server"
            type="number"
            value="100"
          />
        </Label>
      </Field>
      <Field>
        <Label>
          <span>
            Snippets polling (seconds):
          </span>
          <StyledInput
            max={10000}
            min={1}
            onChange={[Function]}
            title="Polling the server for new snippets every 300 seconds"
            type="number"
            value="300"
          />
        </Label>
      </Field>
    </Section>
    <Section>
      <Field>
        <Label>
          <span>
            Default new snippet language:
          </span>
          <StyledSelect
            onChange={[Function]}
            value="Text"
          >
            <option
              key="ABAP"
              value="ABAP"
            >
              ABAP
            </option>
            <option
              key="ActionScript"
              value="ActionScript"
            >
              ActionScript
            </option>
            <option
              key="Ada"
              value="Ada"
            >
              Ada
            </option>
            <option
              key="Agda"
              value="Agda"
            >
              Agda
            </option>
            <option
              key="AGS Script"
              value="AGS Script"
            >
              AGS Script
            </option>
            <option
              key="Alloy"
              value="Alloy"
            >
              Alloy
            </option>
            <option
              key="Ant Build System"
              value="Ant Build System"
            >
              Ant Build System
            </option>
            <option
              key="ANTLR"
              value="ANTLR"
            >
              ANTLR
            </option>
            <option
              key="ApacheConf"
              value="ApacheConf"
            >
              ApacheConf
            </option>
            <option
              key="Apex"
              value="Apex"
            >
              Apex
            </option>
            <option
              key="APL"
              value="APL"
            >
              APL
            </option>
            <option
              key="AppleScript"
              value="AppleScript"
            >
              AppleScript
            </option>
            <option
              key="Arc"
              value="Arc"
            >
              Arc
            </option>
            <option
              key="Arduino"
              value="Arduino"
            >
              Arduino
            </option>
            <option
              key="AsciiDoc"
              value="AsciiDoc"
            >
              AsciiDoc
            </option>
            <option
              key="ASP"
              value="ASP"
            >
              ASP
            </option>
            <option
              key="AspectJ"
              value="AspectJ"
            >
              AspectJ
            </option>
            <option
              key="Assembly"
              value="Assembly"
            >
              Assembly
            </option>
            <option
              key="ATS"
              value="ATS"
            >
              ATS
            </option>
            <option
              key="Augeas"
              value="Augeas"
            >
              Augeas
            </option>
            <option
              key="AutoHotkey"
              value="AutoHotkey"
            >
              AutoHotkey
            </option>
            <option
              key="AutoIt"
              value="AutoIt"
            >
              AutoIt
            </option>
            <option
              key="Awk"
              value="Awk"
            >
              Awk
            </option>
            <option
              key="Batchfile"
              value="Batchfile"
            >
              Batchfile
            </option>
            <option
              key="Befunge"
              value="Befunge"
            >
              Befunge
            </option>
            <option
              key="Bison"
              value="Bison"
            >
              Bison
            </option>
            <option
              key="BitBake"
              value="BitBake"
            >
              BitBake
            </option>
            <option
              key="BlitzBasic"
              value="BlitzBasic"
            >
              BlitzBasic
            </option>
            <option
              key="BlitzMax"
              value="BlitzMax"
            >
              BlitzMax
            </option>
            <option
              key="Bluespec"
              value="Bluespec"
            >
              Bluespec
            </option>
            <option
              key="Boo"
              value="Boo"
            >
              Boo
            </option>
            <option
              key="Brainfuck"
              value="Brainfuck"
            >
              Brainfuck
            </option>
            <option
              key="Brightscript"
              value="Brightscript"
            >
              Brightscript
            </option>
            <option
              key="Bro"
              value="Bro"
            >
              Bro
            </option>
            <option
              key="C"
              value="C"
            >
              C
            </option>
            <option
              key="C#"
              value="C#"
            >
              C#
            </option>
            <option
              key="C++"
              value="C++"
            >
              C++
            </option>
            <option
              key="C-ObjDump"
              value="C-ObjDump"
            >
              C-ObjDump
            </option>
            <option
              key="C2hs Haskell"
              value="C2hs Haskell"
            >
              C2hs Haskell
            </option>
            <option
              key="Cap'n Proto"
              value="Cap'n Proto"
            >
              Cap'n Proto
            </option>
            <option
              key="CartoCSS"
              value="CartoCSS"
            >
              CartoCSS
            </option>
            <option
              key="Ceylon"
              value="Ceylon"
            >
              Ceylon
            </option>
            <option
              key="Chapel"
              value="Chapel"
            >
              Chapel
            </option>
            <option
              key="ChucK"
              value="ChucK"
            >
              ChucK
            </option>
            <option
              key="Cirru"
              value="Cirru"
            >
              Cirru
            </option>
            <option
              key="Clean"
              value="Clean"
            >
              Clean
            </option>
            <option
              key="CLIPS"
              value="CLIPS"
            >
              CLIPS
            </option>
            <option
              key="Clojure"
              value="Clojure"
            >
              Clojure
            </option>
            <option
              key="CMake"
              value="CMake"
            >
              CMake
            </option>
            <option
              key="COBOL"
              value="COBOL"
            >
              COBOL
            </option>
            <option
              key="CoffeeScript"
              value="CoffeeScript"
            >
              CoffeeScript
            </option>
            <option
              key="ColdFusion"
              value="ColdFusion"
            >
              ColdFusion
            </option>
            <option
              key="ColdFusion CFC"
              value="ColdFusion CFC"
            >
              ColdFusion CFC
            </option>
            <option
              key="Common Lisp"
              value="Common Lisp"
            >
              Common Lisp
            </option>
            <option
              key="Component Pascal"
              value="Component Pascal"
            >
              Component Pascal
            </option>
            <option
              key="Cool"
              value="Cool"
            >
              Cool
            </option>
            <option
              key="Coq"
              value="Coq"
            >
              Coq
            </option>
            <option
              key="Cpp-ObjDump"
              value="Cpp-ObjDump"
            >
              Cpp-ObjDump
            </option>
            <option
              key="Creole"
              value="Creole"
            >
              Creole
            </option>
            <option
              key="Crystal"
              value="Crystal"
            >
              Crystal
            </option>
            <option
              key="CSS"
              value="CSS"
            >
              CSS
            </option>
            <option
              key="Cucumber"
              value="Cucumber"
            >
              Cucumber
            </option>
            <option
              key="Cuda"
              value="Cuda"
            >
              Cuda
            </option>
            <option
              key="Cycript"
              value="Cycript"
            >
              Cycript
            </option>
            <option
              key="Cython"
              value="Cython"
            >
              Cython
            </option>
            <option
              key="D"
              value="D"
            >
              D
            </option>
            <option
              key="D-ObjDump"
              value="D-ObjDump"
            >
              D-ObjDump
            </option>
            <option
              key="Darcs Patch"
              value="Darcs Patch"
            >
              Darcs Patch
            </option>
            <option
              key="Dart"
              value="Dart"
            >
              Dart
            </option>
            <option
              key="Diff"
              value="Diff"
            >
              Diff
            </option>
            <option
              key="DM"
              value="DM"
            >
              DM
            </option>
            <option
              key="Dockerfile"
              value="Dockerfile"
            >
              Dockerfile
            </option>
            <option
              key="Dogescript"
              value="Dogescript"
            >
              Dogescript
            </option>
            <option
              key="Dylan"
              value="Dylan"
            >
              Dylan
            </option>
            <option
              key="E"
              value="E"
            >
              E
            </option>
            <option
              key="Eagle"
              value="Eagle"
            >
              Eagle
            </option>
            <option
              key="eC"
              value="eC"
            >
              eC
            </option>
            <option
              key="Ecere Projects"
              value="Ecere Projects"
            >
              Ecere Projects
            </option>
            <option
              key="ECL"
              value="ECL"
            >
              ECL
            </option>
            <option
              key="edn"
              value="edn"
            >
              edn
            </option>
            <option
              key="Eiffel"
              value="Eiffel"
            >
              Eiffel
            </option>
            <option
              key="Elixir"
              value="Elixir"
            >
              Elixir
            </option>
            <option
              key="Elm"
              value="Elm"
            >
              Elm
            </option>
            <option
              key="Emacs Lisp"
              value="Emacs Lisp"
            >
              Emacs Lisp
            </option>
            <option
              key="EmberScript"
              value="EmberScript"
            >
              EmberScript
            </option>
            <option
              key="Erlang"
              value="Erlang"
            >
              Erlang
            </option>
            <option
              key="F#"
              value="F#"
            >
              F#
            </option>
            <option
              key="Factor"
              value="Factor"
            >
              Factor
            </option>
            <option
              key="Fancy"
              value="Fancy"
            >
              Fancy
            </option>
            <option
              key="Fantom"
              value="Fantom"
            >
              Fantom
            </option>
            <option
              key="fish"
              value="fish"
            >
              fish
            </option>
            <option
              key="FLUX"
              value="FLUX"
            >
              FLUX
            </option>
            <option
              key="Forth"
              value="Forth"
            >
              Forth
            </option>
            <option
              key="FORTRAN"
              value="FORTRAN"
            >
              FORTRAN
            </option>
            <option
              key="Frege"
              value="Frege"
            >
              Frege
            </option>
            <option
              key="G-code"
              value="G-code"
            >
              G-code
            </option>
            <option
              key="Game Maker Language"
              value="Game Maker Language"
            >
              Game Maker Language
            </option>
            <option
              key="GAMS"
              value="GAMS"
            >
              GAMS
            </option>
            <option
              key="GAP"
              value="GAP"
            >
              GAP
            </option>
            <option
              key="GAS"
              value="GAS"
            >
              GAS
            </option>
            <option
              key="GDScript"
              value="GDScript"
            >
              GDScript
            </option>
            <option
              key="Genshi"
              value="Genshi"
            >
              Genshi
            </option>
            <option
              key="Gentoo Ebuild"
              value="Gentoo Ebuild"
            >
              Gentoo Ebuild
            </option>
            <option
              key="Gentoo Eclass"
              value="Gentoo Eclass"
            >
              Gentoo Eclass
            </option>
            <option
              key="Gettext Catalog"
              value="Gettext Catalog"
            >
              Gettext Catalog
            </option>
            <option
              key="GLSL"
              value="GLSL"
            >
              GLSL
            </option>
            <option
              key="Glyph"
              value="Glyph"
            >
              Glyph
            </option>
            <option
              key="Gnuplot"
              value="Gnuplot"
            >
              Gnuplot
            </option>
            <option
              key="Go"
              value="Go"
            >
              Go
            </option>
            <option
              key="Golo"
              value="Golo"
            >
              Golo
            </option>
            <option
              key="Gosu"
              value="Gosu"
            >
              Gosu
            </option>
            <option
              key="Grace"
              value="Grace"
            >
              Grace
            </option>
            <option
              key="Gradle"
              value="Gradle"
            >
              Gradle
            </option>
            <option
              key="Grammatical Framework"
              value="Grammatical Framework"
            >
              Grammatical Framework
            </option>
            <option
              key="Graph Modeling Language"
              value="Graph Modeling Language"
            >
              Graph Modeling Language
            </option>
            <option
              key="Graphviz (DOT)"
              value="Graphviz (DOT)"
            >
              Graphviz (DOT)
            </option>
            <option
              key="Groff"
              value="Groff"
            >
              Groff
            </option>
            <option
              key="Groovy"
              value="Groovy"
            >
              Groovy
            </option>
            <option
              key="Groovy Server Pages"
              value="Groovy Server Pages"
            >
              Groovy Server Pages
            </option>
            <option
              key="Hack"
              value="Hack"
            >
              Hack
            </option>
            <option
              key="Haml"
              value="Haml"
            >
              Haml
            </option>
            <option
              key="Handlebars"
              value="Handlebars"
            >
              Handlebars
            </option>
            <option
              key="Harbour"
              value="Harbour"
            >
              Harbour
            </option>
            <option
              key="Haskell"
              value="Haskell"
            >
              Haskell
            </option>
            <option
              key="Haxe"
              value="Haxe"
            >
              Haxe
            </option>
            <option
              key="HTML"
              value="HTML"
            >
              HTML
            </option>
            <option
              key="HTML+Django"
              value="HTML+Django"
            >
              HTML+Django
            </option>
            <option
              key="HTML+ERB"
              value="HTML+ERB"
            >
              HTML+ERB
            </option>
            <option
              key="HTML+PHP"
              value="HTML+PHP"
            >
              HTML+PHP
            </option>
            <option
              key="HTML+Razor"
              value="HTML+Razor"
            >
              HTML+Razor
            </option>
            <option
              key="HTTP"
              value="HTTP"
            >
              HTTP
            </option>
            <option
              key="Hy"
              value="Hy"
            >
              Hy
            </option>
            <option
              key="IDL"
              value="IDL"
            >
              IDL
            </option>
            <option
              key="Idris"
              value="Idris"
            >
              Idris
            </option>
            <option
              key="IGOR Pro"
              value="IGOR Pro"
            >
              IGOR Pro
            </option>
            <option
              key="Inform 7"
              value="Inform 7"
            >
              Inform 7
            </option>
            <option
              key="INI"
              value="INI"
            >
              INI
            </option>
            <option
              key="Inno Setup"
              value="Inno Setup"
            >
              Inno Setup
            </option>
            <option
              key="Io"
              value="Io"
            >
              Io
            </option>
            <option
              key="Ioke"
              value="Ioke"
            >
              Ioke
            </option>
            <option
              key="IRC log"
              value="IRC log"
            >
              IRC log
            </option>
            <option
              key="Isabelle"
              value="Isabelle"
            >
              Isabelle
            </option>
            <option
              key="J"
              value="J"
            >
              J
            </option>
            <option
              key="Jade"
              value="Jade"
            >
              Jade
            </option>
            <option
              key="Jasmin"
              value="Jasmin"
            >
              Jasmin
            </option>
            <option
              key="Java"
              value="Java"
            >
              Java
            </option>
            <option
              key="Java Server Pages"
              value="Java Server Pages"
            >
              Java Server Pages
            </option>
            <option
              key="JavaScript"
              value="JavaScript"
            >
              JavaScript
            </option>
            <option
              key="JSX"
              value="JSX"
            >
              JSX
            </option>
            <option
              key="TSX"
              value="TSX"
            >
              TSX
            </option>
            <option
              key="JSON"
              value="JSON"
            >
              JSON
            </option>
            <option
              key="JSON5"
              value="JSON5"
            >
              JSON5
            </option>
            <option
              key="JSONiq"
              value="JSONiq"
            >
              JSONiq
            </option>
            <option
              key="JSONLD"
              value="JSONLD"
            >
              JSONLD
            </option>
            <option
              key="Julia"
              value="Julia"
            >
              Julia
            </option>
            <option
              key="Kit"
              value="Kit"
            >
              Kit
            </option>
            <option
              key="Kotlin"
              value="Kotlin"
            >
              Kotlin
            </option>
            <option
              key="KRL"
              value="KRL"
            >
              KRL
            </option>
            <option
              key="LabVIEW"
              value="LabVIEW"
            >
              LabVIEW
            </option>
            <option
              key="Lasso"
              value="Lasso"
            >
              Lasso
            </option>
            <option
              key="Latte"
              value="Latte"
            >
              Latte
            </option>
            <option
              key="Less"
              value="Less"
            >
              Less
            </option>
            <option
              key="LFE"
              value="LFE"
            >
              LFE
            </option>
            <option
              key="LilyPond"
              value="LilyPond"
            >
              LilyPond
            </option>
            <option
              key="Liquid"
              value="Liquid"
            >
              Liquid
            </option>
            <option
              key="Literate Agda"
              value="Literate Agda"
            >
              Literate Agda
            </option>
            <option
              key="Literate CoffeeScript"
              value="Literate CoffeeScript"
            >
              Literate CoffeeScript
            </option>
            <option
              key="Literate Haskell"
              value="Literate Haskell"
            >
              Literate Haskell
            </option>
            <option
              key="LiveScript"
              value="LiveScript"
            >
              LiveScript
            </option>
            <option
              key="LLVM"
              value="LLVM"
            >
              LLVM
            </option>
            <option
              key="Logos"
              value="Logos"
            >
              Logos
            </option>
            <option
              key="Logtalk"
              value="Logtalk"
            >
              Logtalk
            </option>
            <option
              key="LOLCODE"
              value="LOLCODE"
            >
              LOLCODE
            </option>
            <option
              key="LookML"
              value="LookML"
            >
              LookML
            </option>
            <option
              key="LoomScript"
              value="LoomScript"
            >
              LoomScript
            </option>
            <option
              key="LSL"
              value="LSL"
            >
              LSL
            </option>
            <option
              key="Lua"
              value="Lua"
            >
              Lua
            </option>
            <option
              key="M"
              value="M"
            >
              M
            </option>
            <option
              key="Makefile"
              value="Makefile"
            >
              Makefile
            </option>
            <option
              key="Mako"
              value="Mako"
            >
              Mako
            </option>
            <option
              key="Markdown"
              value="Markdown"
            >
              Markdown
            </option>
            <option
              key="Mask"
              value="Mask"
            >
              Mask
            </option>
            <option
              key="Mathematica"
              value="Mathematica"
            >
              Mathematica
            </option>
            <option
              key="Matlab"
              value="Matlab"
            >
              Matlab
            </option>
            <option
              key="Maven POM"
              value="Maven POM"
            >
              Maven POM
            </option>
            <option
              key="Max"
              value="Max"
            >
              Max
            </option>
            <option
              key="MediaWiki"
              value="MediaWiki"
            >
              MediaWiki
            </option>
            <option
              key="Mercury"
              value="Mercury"
            >
              Mercury
            </option>
            <option
              key="MiniD"
              value="MiniD"
            >
              MiniD
            </option>
            <option
              key="Mirah"
              value="Mirah"
            >
              Mirah
            </option>
            <option
              key="Monkey"
              value="Monkey"
            >
              Monkey
            </option>
            <option
              key="Moocode"
              value="Moocode"
            >
              Moocode
            </option>
            <option
              key="MoonScript"
              value="MoonScript"
            >
              MoonScript
            </option>
            <option
              key="MTML"
              value="MTML"
            >
              MTML
            </option>
            <option
              key="mupad"
              value="mupad"
            >
              mupad
            </option>
            <option
              key="Myghty"
              value="Myghty"
            >
              Myghty
            </option>
            <option
              key="Nemerle"
              value="Nemerle"
            >
              Nemerle
            </option>
            <option
              key="nesC"
              value="nesC"
            >
              nesC
            </option>
            <option
              key="NetLogo"
              value="NetLogo"
            >
              NetLogo
            </option>
            <option
              key="Nginx"
              value="Nginx"
            >
              Nginx
            </option>
            <option
              key="Nimrod"
              value="Nimrod"
            >
              Nimrod
            </option>
            <option
              key="Ninja"
              value="Ninja"
            >
              Ninja
            </option>
            <option
              key="Nit"
              value="Nit"
            >
              Nit
            </option>
            <option
              key="Nix"
              value="Nix"
            >
              Nix
            </option>
            <option
              key="NSIS"
              value="NSIS"
            >
              NSIS
            </option>
            <option
              key="Nu"
              value="Nu"
            >
              Nu
            </option>
            <option
              key="NumPy"
              value="NumPy"
            >
              NumPy
            </option>
            <option
              key="ObjDump"
              value="ObjDump"
            >
              ObjDump
            </option>
            <option
              key="Objective-C"
              value="Objective-C"
            >
              Objective-C
            </option>
            <option
              key="Objective-C++"
              value="Objective-C++"
            >
              Objective-C++
            </option>
            <option
              key="Objective-J"
              value="Objective-J"
            >
              Objective-J
            </option>
            <option
              key="OCaml"
              value="OCaml"
            >
              OCaml
            </option>
            <option
              key="Omgrofl"
              value="Omgrofl"
            >
              Omgrofl
            </option>
            <option
              key="ooc"
              value="ooc"
            >
              ooc
            </option>
            <option
              key="Opa"
              value="Opa"
            >
              Opa
            </option>
            <option
              key="Opal"
              value="Opal"
            >
              Opal
            </option>
            <option
              key="OpenCL"
              value="OpenCL"
            >
              OpenCL
            </option>
            <option
              key="OpenEdge ABL"
              value="OpenEdge ABL"
            >
              OpenEdge ABL
            </option>
            <option
              key="OpenSCAD"
              value="OpenSCAD"
            >
              OpenSCAD
            </option>
            <option
              key="Org"
              value="Org"
            >
              Org
            </option>
            <option
              key="Ox"
              value="Ox"
            >
              Ox
            </option>
            <option
              key="Oxygene"
              value="Oxygene"
            >
              Oxygene
            </option>
            <option
              key="Oz"
              value="Oz"
            >
              Oz
            </option>
            <option
              key="Pan"
              value="Pan"
            >
              Pan
            </option>
            <option
              key="Papyrus"
              value="Papyrus"
            >
              Papyrus
            </option>
            <option
              key="Parrot"
              value="Parrot"
            >
              Parrot
            </option>
            <option
              key="Parrot Assembly"
              value="Parrot Assembly"
            >
              Parrot Assembly
            </option>
            <option
              key="Parrot Internal Representation"
              value="Parrot Internal Representation"
            >
              Parrot Internal Representation
            </option>
            <option
              key="Pascal"
              value="Pascal"
            >
              Pascal
            </option>
            <option
              key="PAWN"
              value="PAWN"
            >
              PAWN
            </option>
            <option
              key="Perl"
              value="Perl"
            >
              Perl
            </option>
            <option
              key="Perl6"
              value="Perl6"
            >
              Perl6
            </option>
            <option
              key="PHP"
              value="PHP"
            >
              PHP
            </option>
            <option
              key="PigLatin"
              value="PigLatin"
            >
              PigLatin
            </option>
            <option
              key="Pike"
              value="Pike"
            >
              Pike
            </option>
            <option
              key="Pod"
              value="Pod"
            >
              Pod
            </option>
            <option
              key="PogoScript"
              value="PogoScript"
            >
              PogoScript
            </option>
            <option
              key="PostScript"
              value="PostScript"
            >
              PostScript
            </option>
            <option
              key="PowerShell"
              value="PowerShell"
            >
              PowerShell
            </option>
            <option
              key="Processing"
              value="Processing"
            >
              Processing
            </option>
            <option
              key="Prolog"
              value="Prolog"
            >
              Prolog
            </option>
            <option
              key="Propeller Spin"
              value="Propeller Spin"
            >
              Propeller Spin
            </option>
            <option
              key="Protocol Buffer"
              value="Protocol Buffer"
            >
              Protocol Buffer
            </option>
            <option
              key="Pug"
              value="Pug"
            >
              Pug
            </option>
            <option
              key="Public Key"
              value="Public Key"
            >
              Public Key
            </option>
            <option
              key="Puppet"
              value="Puppet"
            >
              Puppet
            </option>
            <option
              key="Pure Data"
              value="Pure Data"
            >
              Pure Data
            </option>
            <option
              key="PureBasic"
              value="PureBasic"
            >
              PureBasic
            </option>
            <option
              key="PureScript"
              value="PureScript"
            >
              PureScript
            </option>
            <option
              key="Python"
              value="Python"
            >
              Python
            </option>
            <option
              key="Python traceback"
              value="Python traceback"
            >
              Python traceback
            </option>
            <option
              key="QMake"
              value="QMake"
            >
              QMake
            </option>
            <option
              key="QML"
              value="QML"
            >
              QML
            </option>
            <option
              key="R"
              value="R"
            >
              R
            </option>
            <option
              key="Racket"
              value="Racket"
            >
              Racket
            </option>
            <option
              key="Ragel in Ruby Host"
              value="Ragel in Ruby Host"
            >
              Ragel in Ruby Host
            </option>
            <option
              key="RAML"
              value="RAML"
            >
              RAML
            </option>
            <option
              key="Raw token data"
              value="Raw token data"
            >
              Raw token data
            </option>
            <option
              key="RDoc"
              value="RDoc"
            >
              RDoc
            </option>
            <option
              key="REALbasic"
              value="REALbasic"
            >
              REALbasic
            </option>
            <option
              key="Rebol"
              value="Rebol"
            >
              Rebol
            </option>
            <option
              key="Red"
              value="Red"
            >
              Red
            </option>
            <option
              key="Redcode"
              value="Redcode"
            >
              Redcode
            </option>
            <option
              key="reStructuredText"
              value="reStructuredText"
            >
              reStructuredText
            </option>
            <option
              key="RHTML"
              value="RHTML"
            >
              RHTML
            </option>
            <option
              key="RMarkdown"
              value="RMarkdown"
            >
              RMarkdown
            </option>
            <option
              key="RobotFramework"
              value="RobotFramework"
            >
              RobotFramework
            </option>
            <option
              key="Rouge"
              value="Rouge"
            >
              Rouge
            </option>
            <option
              key="Ruby"
              value="Ruby"
            >
              Ruby
            </option>
            <option
              key="Rust"
              value="Rust"
            >
              Rust
            </option>
            <option
              key="Sage"
              value="Sage"
            >
              Sage
            </option>
            <option
              key="SaltStack"
              value="SaltStack"
            >
              SaltStack
            </option>
            <option
              key="SAS"
              value="SAS"
            >
              SAS
            </option>
            <option
              key="Sass"
              value="Sass"
            >
              Sass
            </option>
            <option
              key="Scala"
              value="Scala"
            >
              Scala
            </option>
            <option
              key="Scaml"
              value="Scaml"
            >
              Scaml
            </option>
            <option
              key="Scheme"
              value="Scheme"
            >
              Scheme
            </option>
            <option
              key="Scilab"
              value="Scilab"
            >
              Scilab
            </option>
            <option
              key="SCSS"
              value="SCSS"
            >
              SCSS
            </option>
            <option
              key="Self"
              value="Self"
            >
              Self
            </option>
            <option
              key="Shell"
              value="Shell"
            >
              Shell
            </option>
            <option
              key="ShellSession"
              value="ShellSession"
            >
              ShellSession
            </option>
            <option
              key="Shen"
              value="Shen"
            >
              Shen
            </option>
            <option
              key="Slash"
              value="Slash"
            >
              Slash
            </option>
            <option
              key="Slim"
              value="Slim"
            >
              Slim
            </option>
            <option
              key="Smalltalk"
              value="Smalltalk"
            >
              Smalltalk
            </option>
            <option
              key="Smarty"
              value="Smarty"
            >
              Smarty
            </option>
            <option
              key="SourcePawn"
              value="SourcePawn"
            >
              SourcePawn
            </option>
            <option
              key="SQF"
              value="SQF"
            >
              SQF
            </option>
            <option
              key="SQL"
              value="SQL"
            >
              SQL
            </option>
            <option
              key="PLSQL"
              value="PLSQL"
            >
              PLSQL
            </option>
            <option
              key="PLpgSQL"
              value="PLpgSQL"
            >
              PLpgSQL
            </option>
            <option
              key="Squirrel"
              value="Squirrel"
            >
              Squirrel
            </option>
            <option
              key="Standard ML"
              value="Standard ML"
            >
              Standard ML
            </option>
            <option
              key="Stata"
              value="Stata"
            >
              Stata
            </option>
            <option
              key="STON"
              value="STON"
            >
              STON
            </option>
            <option
              key="Stylus"
              value="Stylus"
            >
              Stylus
            </option>
            <option
              key="SuperCollider"
              value="SuperCollider"
            >
              SuperCollider
            </option>
            <option
              key="Swift"
              value="Swift"
            >
              Swift
            </option>
            <option
              key="SystemVerilog"
              value="SystemVerilog"
            >
              SystemVerilog
            </option>
            <option
              key="Tcl"
              value="Tcl"
            >
              Tcl
            </option>
            <option
              key="Tcsh"
              value="Tcsh"
            >
              Tcsh
            </option>
            <option
              key="Tea"
              value="Tea"
            >
              Tea
            </option>
            <option
              key="TeX"
              value="TeX"
            >
              TeX
            </option>
            <option
              key="Text"
              value="Text"
            >
              Text
            </option>
            <option
              key="Textile"
              value="Textile"
            >
              Textile
            </option>
            <option
              key="Thrift"
              value="Thrift"
            >
              Thrift
            </option>
            <option
              key="TOML"
              value="TOML"
            >
              TOML
            </option>
            <option
              key="Turing"
              value="Turing"
            >
              Turing
            </option>
            <option
              key="Twig"
              value="Twig"
            >
              Twig
            </option>
            <option
              key="TXL"
              value="TXL"
            >
              TXL
            </option>
            <option
              key="TypeScript"
              value="TypeScript"
            >
              TypeScript
            </option>
            <option
              key="Unified Parallel C"
              value="Unified Parallel C"
            >
              Unified Parallel C
            </option>
            <option
              key="UnrealScript"
              value="UnrealScript"
            >
              UnrealScript
            </option>
            <option
              key="Vala"
              value="Vala"
            >
              Vala
            </option>
            <option
              key="VCL"
              value="VCL"
            >
              VCL
            </option>
            <option
              key="Verilog"
              value="Verilog"
            >
              Verilog
            </option>
            <option
              key="VHDL"
              value="VHDL"
            >
              VHDL
            </option>
            <option
              key="VimL"
              value="VimL"
            >
              VimL
            </option>
            <option
              key="Visual Basic"
              value="Visual Basic"
            >
              Visual Basic
            </option>
            <option
              key="Volt"
              value="Volt"
            >
              Volt
            </option>
            <option
              key="WebIDL"
              value="WebIDL"
            >
              WebIDL
            </option>
            <option
              key="wisp"
              value="wisp"
            >
              wisp
            </option>
            <option
              key="xBase"
              value="xBase"
            >
              xBase
            </option>
            <option
              key="XC"
              value="XC"
            >
              XC
            </option>
            <option
              key="XML"
              value="XML"
            >
              XML
            </option>
            <option
              key="Xojo"
              value="Xojo"
            >
              Xojo
            </option>
            <option
              key="XProc"
              value="XProc"
            >
              XProc
            </option>
            <option
              key="XQuery"
              value="XQuery"
            >
              XQuery
            </option>
            <option
              key="XS"
              value="XS"
            >
              XS
            </option>
            <option
              key="XSLT"
              value="XSLT"
            >
              XSLT
            </option>
            <option
              key="Xtend"
              value="Xtend"
            >
              Xtend
            </option>
            <option
              key="YAML"
              value="YAML"
            >
              YAML
            </option>
            <option
              key="Zephir"
              value="Zephir"
            >
              Zephir
            </option>
            <option
              key="Zimpl"
              value="Zimpl"
            >
              Zimpl
            </option>
          </StyledSelect>
        </Label>
      </Field>
      <Field>
        <Label>
          <span>
            Default new snippet is public:
          </span>
          <Checkbox
            checked={false}
            onChange={[Function]}
          />
        </Label>
      </Field>
    </Section>
  </Wrapper>
  <H4>
    Snippets order settings:
  </H4>
  <Wrapper>
    <Section>
      <Field>
        <Label>
          <span>
            Order field:
          </span>
          <StyledSelect
            onChange={[Function]}
            value="created"
          >
            <option
              key="created"
              value="created"
            >
              Created
            </option>
            <option
              key="updated"
              value="updated"
            >
              Updated
            </option>
            <option
              key="description"
              value="description"
            >
              Description
            </option>
          </StyledSelect>
        </Label>
      </Field>
    </Section>
    <Section>
      <Field>
        <Label>
          <span>
            Order direction:
          </span>
          <StyledSelect
            onChange={[Function]}
            value="desc"
          >
            <option
              key="descending"
              value="desc"
            >
              Descending
            </option>
            <option
              key="ascending"
              value="asc"
            >
              Ascending
            </option>
          </StyledSelect>
        </Label>
      </Field>
    </Section>
  </Wrapper>
</div>
`;
