// Jest Snapshot v1, https://goo.gl/fbAQLP

exports[`COMPONENTS - <UtilityIcon> render UtilityIcon 1`] = `
<UtilityIcon
  className="UtilityIcon"
  color="red"
  dropdown={true}
  onClick={[MockFunction]}
  size={20}
  theme={
    Object {
      "baseAppColor": "#3F84A8",
      "bg": "#ebf2f6",
      "borderColor": "#ccc",
      "boxShadow": "#555",
      "colorDanger": "tomato",
      "colorSuccess": "cadetblue",
      "colorWarning": "#e0b01e",
      "disabledColor": "#ccc",
      "headerBgLightest": "#cfe0e9",
      "headerColor": "#fff",
      "lightBorderColor": "#f2f2f2",
      "lightText": "#fff",
      "textColor": "#555",
      "theme": Object {
        "baseAppColor": "#3F84A8",
        "bg": "#ebf2f6",
        "borderColor": "#ccc",
        "boxShadow": "#555",
        "colorDanger": "tomato",
        "colorSuccess": "cadetblue",
        "colorWarning": "#e0b01e",
        "disabledColor": "#ccc",
        "headerBgLightest": "#cfe0e9",
        "headerColor": "#fff",
        "lightBorderColor": "#f2f2f2",
        "lightText": "#fff",
        "textColor": "#555",
      },
    }
  }
  title="UtilityIcon"
  type="menu"
>
  <ForwardRef
    className="UtilityIcon"
    color="red"
    onClick={[Function]}
    title="UtilityIcon"
  >
    <StyledComponent
      className="UtilityIcon"
      color="red"
      forwardedClass={
        Object {
          "$$typeof": Symbol(react.forward_ref),
          "attrs": undefined,
          "componentStyle": ComponentStyle {
            "componentId": "Util-d02m7m-0",
            "isStatic": false,
            "lastClassName": "hCtDAJ",
            "rules": Array [
              "border-left:1px solid ",
              [Function],
              ";height:50px;display:inline-block;text-align:center;line-height:50px;color:",
              [Function],
              ";cursor:pointer;position:relative;background:",
              [Function],
              ";",
              [Function],
              " ",
              [Function],
              " &:hover{background:",
              [Function],
              ";}div.list{",
              "position:absolute;background:",
              [Function],
              ";right:0;top:51px;border:1px solid ",
              [Function],
              ";line-height:21px;list-style-type:none;margin:0;padding:0;box-shadow:0 5px 10px ",
              [Function],
              ";z-index:4;overflow:auto;max-height:60vh;color:",
              [Function],
              ";cursor:default;",
              ";padding:10px 20px;}ul{",
              "position:absolute;background:",
              [Function],
              ";right:0;top:51px;border:1px solid ",
              [Function],
              ";line-height:21px;list-style-type:none;margin:0;padding:0;box-shadow:0 5px 10px ",
              [Function],
              ";z-index:4;overflow:auto;max-height:60vh;color:",
              [Function],
              ";cursor:default;",
              " li{border-bottom:1px dotted ",
              [Function],
              ";margin:0;white-space:nowrap;text-align:left;> *{padding:5px 20px;display:block;}&:hover{background:",
              [Function],
              ";cursor:pointer;}&:last-child{border:none;}}}",
            ],
          },
          "displayName": "Util",
          "render": [Function],
          "styledComponentId": "Util-d02m7m-0",
          "target": "span",
          "warnTooManyClasses": [Function],
          "withComponent": [Function],
        }
      }
      forwardedRef={null}
      onClick={[Function]}
      title="UtilityIcon"
    >
      <span
        className="UtilityIcon Util-d02m7m-0 hCtDAJ"
        color="red"
        onClick={[Function]}
        title="UtilityIcon"
      >
        <ForwardRef
          color="red"
          size={20}
          type="menu"
        >
          <StyledComponent
            color="red"
            forwardedClass={
              Object {
                "$$typeof": Symbol(react.forward_ref),
                "attrs": undefined,
                "componentStyle": ComponentStyle {
                  "componentId": "Icon-vk4qna-0",
                  "isStatic": false,
                  "lastClassName": "fxQfWz",
                  "rules": Array [
                    "background-color:",
                    [Function],
                    ";display:inline-block;vertical-align:middle;width:",
                    [Function],
                    "px;height:",
                    [Function],
                    "px;-webkit-mask-image:url('src/icons/",
                    [Function],
                    "');-webkit-mask-repeat:no-repeat;-webkit-mask-size:contain;-webkit-mask-position:center;",
                    [Function],
                    " ",
                    [Function],
                    " ",
                    [Function],
                  ],
                },
                "displayName": "Icon",
                "render": [Function],
                "styledComponentId": "Icon-vk4qna-0",
                "target": "span",
                "warnTooManyClasses": [Function],
                "withComponent": [Function],
              }
            }
            forwardedRef={null}
            size={20}
            type="menu"
          >
            <span
              className="Icon-vk4qna-0 fxQfWz"
              color="red"
              size={20}
              type="menu"
            />
          </StyledComponent>
        </ForwardRef>
         
      </span>
    </StyledComponent>
  </ForwardRef>
</UtilityIcon>
`;
