// Jest Snapshot v1, https://goo.gl/fbAQLP

exports[`COMPONENTS - <DashBoard> render DashBoard 1`] = `
<DashbordWrapper>
  <Private
    onClick={[Function]}
    style={
      Object {
        "background": "linear-gradient(to right, red Infinity%, #fff Infinity%)",
      }
    }
  >
    <h3>
      Private
    </h3>
    <span>
      45
    </span>
  </Private>
  <Public
    onClick={[Function]}
    style={
      Object {
        "background": "linear-gradient(to right, red -Infinity%, #fff -Infinity%)",
      }
    }
  >
    <h3>
      Public
    </h3>
    <span>
      -45
    </span>
  </Public>
  <Starred
    onClick={[Function]}
    style={
      Object {
        "background": "linear-gradient(to right, red Infinity%, #fff Infinity%)",
      }
    }
  >
    <h3>
      Starred
    </h3>
    <span>
      6
    </span>
  </Starred>
  <Untitled
    onClick={[Function]}
    style={
      Object {
        "background": "linear-gradient(to right, red NaN%, #fff NaN%)",
      }
    }
  >
    <h3>
      Untitled:
    </h3>
    <span>
      0
    </span>
  </Untitled>
  <Language>
    <h3>
      Languages:
    </h3>
    <ScrollPad
      pad="20px"
      rtl={false}
    >
      <div />
    </ScrollPad>
  </Language>
  <Stars>
    <HeadingWithSearch>
      <h3>
        Starred:
      </h3>
      <div>
        <Icon
          color="red"
          size="22"
          type="search"
        />
        <StyledInput
          onChange={[Function]}
          placeholder="Search starred"
          type="search"
        />
      </div>
    </HeadingWithSearch>
    <ScrollPad
      pad="20px"
      rtl={false}
    >
      <ul />
    </ScrollPad>
  </Stars>
  <Tags>
    <HeadingWithSearch>
      <h3>
        Tags:
      </h3>
      <div>
        <Icon
          color="red"
          size="22"
          type="search"
        />
        <StyledInput
          onChange={[Function]}
          placeholder="Search tags"
          type="search"
        />
      </div>
    </HeadingWithSearch>
    <ScrollPad
      pad="20px"
      rtl={false}
    >
      <div>
        <Connect(Taglist)
          searchTags=""
        />
      </div>
    </ScrollPad>
  </Tags>
</DashbordWrapper>
`;
