// Jest Snapshot v1, https://goo.gl/fbAQLP

exports[`COMPONENTS - <DashBoard> render DashBoard 1`] = `
<DashBoard
  getRateLimit={
    [MockFunction] {
      "calls": Array [
        Array [],
      ],
      "results": Array [
        Object {
          "isThrow": false,
          "value": undefined,
        },
      ],
    }
  }
  privateSnippets={45}
  searchByLanguages={[MockFunction]}
  searchByTags={[MockFunction]}
  snippets={Object {}}
  snippetsLanguages={Array []}
  starred={6}
>
  <DashbordWrapper>
    <div
      className="DashbordWrapper-dBZhoA kPMXLH"
    >
      <Box
        style={
          Object {
            "background": "linear-gradient(to right, red -Infinity%, #fff -Infinity%)",
          }
        }
      >
        <div
          className="Box-iUbLMm idviUR"
          style={
            Object {
              "background": "linear-gradient(to right, red -Infinity%, #fff -Infinity%)",
            }
          }
        >
          <h3>
            Public
          </h3>
          <span>
            -45
          </span>
        </div>
      </Box>
      <Box
        style={
          Object {
            "background": "linear-gradient(to right, red Infinity%, #fff Infinity%)",
          }
        }
      >
        <div
          className="Box-geHOaa jvspQO"
          style={
            Object {
              "background": "linear-gradient(to right, red Infinity%, #fff Infinity%)",
            }
          }
        >
          <h3>
            Private
          </h3>
          <span>
            45
          </span>
        </div>
      </Box>
      <Box
        style={
          Object {
            "background": "linear-gradient(to right, red Infinity%, #fff Infinity%)",
          }
        }
      >
        <div
          className="Box-kpCRUe cdrcWs"
          style={
            Object {
              "background": "linear-gradient(to right, red Infinity%, #fff Infinity%)",
            }
          }
        >
          <h3>
            Starred
          </h3>
          <span>
            6
          </span>
        </div>
      </Box>
      <Box
        style={
          Object {
            "background": "linear-gradient(to right, red NaN%, #fff NaN%)",
          }
        }
      >
        <div
          className="Box-gvqUvR fYuBke"
          style={
            Object {
              "background": "linear-gradient(to right, red NaN%, #fff NaN%)",
            }
          }
        >
          <h3>
            Untitled:
          </h3>
          <span>
            0
          </span>
        </div>
      </Box>
      <Box>
        <div
          className="Box-bxWaVq bAaBYZ"
        >
          <h3>
            Languages:
          </h3>
          <div
            style={
              Object {
                "paddingRight": "0",
              }
            }
          />
        </div>
      </Box>
      <Box>
        <div
          className="Box-chfgEv jbQUId"
        >
          <HeadingWithSearch>
            <span
              className="HeadingWithSearch-fayYV nRlre"
            >
              <h3>
                Starred:
              </h3>
              <div>
                <Icon
                  color="red"
                  size="22"
                  type="search"
                >
                  <span
                    className="Icon-cFRQJw cTUULm"
                    color="red"
                    size="22"
                    type="search"
                  />
                </Icon>
                <StyledInput
                  onChange={[Function]}
                  placeholder="Search starred"
                  type="search"
                >
                  <Input
                    className="StyledInput-hbWqm kcTKDM"
                    onChange={[Function]}
                    placeholder="Search starred"
                    type="search"
                  >
                    <StyledInput
                      className="StyledInput-hbWqm kcTKDM"
                      disabled={false}
                      onChange={[Function]}
                      placeholder="Search starred"
                      title=""
                      type="search"
                    >
                      <input
                        className="StyledInput-hbWqm kcTKDM StyledInput-kKifnt jenPja"
                        disabled={false}
                        onChange={[Function]}
                        placeholder="Search starred"
                        title=""
                        type="search"
                      />
                    </StyledInput>
                  </Input>
                </StyledInput>
              </div>
            </span>
          </HeadingWithSearch>
          <ul
            style={
              Object {
                "paddingRight": "0",
              }
            }
          />
        </div>
      </Box>
      <Box>
        <div
          className="Box-dvdzfO hIyVNh"
        >
          <HeadingWithSearch>
            <span
              className="HeadingWithSearch-fayYV nRlre"
            >
              <h3>
                Tags:
              </h3>
              <div>
                <Icon
                  color="red"
                  size="22"
                  type="search"
                >
                  <span
                    className="Icon-cFRQJw cTUULm"
                    color="red"
                    size="22"
                    type="search"
                  />
                </Icon>
                <StyledInput
                  onChange={[Function]}
                  placeholder="Search tags"
                  type="search"
                >
                  <Input
                    className="StyledInput-hbWqm kcTKDM"
                    onChange={[Function]}
                    placeholder="Search tags"
                    type="search"
                  >
                    <StyledInput
                      className="StyledInput-hbWqm kcTKDM"
                      disabled={false}
                      onChange={[Function]}
                      placeholder="Search tags"
                      title=""
                      type="search"
                    >
                      <input
                        className="StyledInput-hbWqm kcTKDM StyledInput-kKifnt jenPja"
                        disabled={false}
                        onChange={[Function]}
                        placeholder="Search tags"
                        title=""
                        type="search"
                      />
                    </StyledInput>
                  </Input>
                </StyledInput>
              </div>
            </span>
          </HeadingWithSearch>
          <div
            style={
              Object {
                "paddingRight": "0",
              }
            }
          />
        </div>
      </Box>
    </div>
  </DashbordWrapper>
</DashBoard>
`;
