// Jest Snapshot v1, https://goo.gl/fbAQLP

exports[`COMPONENTS - <Settings> render Settings 1`] = `
<Settings>
  <Wrapper>
    <div
      className="Wrapper-ddcghJ hvetDW"
    >
      <h2>
        Settings
      </h2>
      <details>
        <summary>
          Base settings
        </summary>
        <BaseSettings>
          <div>
            <h4>
              color settings:
            </h4>
            <p>
              <label>
                Base color:
                <InputColor
                  color={null}
                  onChange={[Function]}
                >
                  <Color
                    defaultValue={null}
                    onChange={[Function]}
                    type="color"
                  >
                    <input
                      className="Color-ktETcj ctcntg"
                      defaultValue={null}
                      onChange={[Function]}
                      type="color"
                    />
                  </Color>
                </InputColor>
              </label>
            </p>
          </div>
        </BaseSettings>
      </details>
      <details>
        <summary>
          Editor
        </summary>
        <EditorSettings>
          <div>
            <h4>
              editor settings:
            </h4>
            <Wrapper>
              <div
                className="Wrapper-dyuznp ciFETj"
              >
                <Section>
                  <div
                    className="Section-hLnjej bYTpNg"
                  >
                    <Field>
                      <div
                        className="Field-eieelf fXkcEo"
                      >
                        <Label>
                          <div
                            className="Label-ghyrbC kZMEPD"
                          >
                            <span>
                              Theme:
                            </span>
                            <StyledISelect
                              onChange={[Function]}
                              value={null}
                            >
                              <Select
                                className="StyledISelect-ilVKaP jUNncK"
                                onChange={[Function]}
                                value={null}
                              >
                                <SelectInput
                                  className="StyledISelect-ilVKaP jUNncK"
                                  defaultValue={null}
                                  onChange={[Function]}
                                >
                                  <select
                                    className="StyledISelect-ilVKaP jUNncK SelectInput-cUOTCZ QqSuI"
                                    defaultValue={null}
                                    onChange={[Function]}
                                  >
                                    <option
                                      value="vs"
                                    >
                                      vs light
                                    </option>
                                    <option
                                      value="vs-dark"
                                    >
                                      vs dark
                                    </option>
                                    <option
                                      value="hc-black"
                                    >
                                      hc dark
                                    </option>
                                  </select>
                                </SelectInput>
                              </Select>
                            </StyledISelect>
                          </div>
                        </Label>
                      </div>
                    </Field>
                    <Field>
                      <div
                        className="Field-eieelf fXkcEo"
                      >
                        <Label>
                          <div
                            className="Label-ghyrbC kZMEPD"
                          >
                            <span>
                              Minimap:
                            </span>
                            <Checkbox
                              checked={null}
                              onChange={[Function]}
                            >
                              <Box
                                defaultChecked={null}
                                onChange={[Function]}
                                type="checkbox"
                              >
                                <input
                                  className="Box-jLJQJw bLlIOV"
                                  defaultChecked={null}
                                  onChange={[Function]}
                                  type="checkbox"
                                />
                              </Box>
                            </Checkbox>
                          </div>
                        </Label>
                      </div>
                    </Field>
                    <Field>
                      <div
                        className="Field-eieelf fXkcEo"
                      >
                        <Label>
                          <div
                            className="Label-ghyrbC kZMEPD"
                          >
                            <span>
                              Line Numbers:
                            </span>
                            <Checkbox
                              checked={null}
                              onChange={[Function]}
                            >
                              <Box
                                defaultChecked={null}
                                onChange={[Function]}
                                type="checkbox"
                              >
                                <input
                                  className="Box-jLJQJw bLlIOV"
                                  defaultChecked={null}
                                  onChange={[Function]}
                                  type="checkbox"
                                />
                              </Box>
                            </Checkbox>
                          </div>
                        </Label>
                      </div>
                    </Field>
                    <Field>
                      <div
                        className="Field-eieelf fXkcEo"
                      >
                        <Label>
                          <div
                            className="Label-ghyrbC kZMEPD"
                          >
                            <span>
                              Format On Paste:
                            </span>
                            <Checkbox
                              checked={null}
                              onChange={[Function]}
                            >
                              <Box
                                defaultChecked={null}
                                onChange={[Function]}
                                type="checkbox"
                              >
                                <input
                                  className="Box-jLJQJw bLlIOV"
                                  defaultChecked={null}
                                  onChange={[Function]}
                                  type="checkbox"
                                />
                              </Box>
                            </Checkbox>
                          </div>
                        </Label>
                      </div>
                    </Field>
                    <Field>
                      <div
                        className="Field-eieelf fXkcEo"
                      >
                        <Label>
                          <div
                            className="Label-ghyrbC kZMEPD"
                          >
                            <span>
                              Font Family:
                            </span>
                            <StyledInput
                              onChange={[Function]}
                              type="text"
                              value={null}
                            >
                              <Input
                                className="StyledInput-hbWqm ciXLeq"
                                onChange={[Function]}
                                type="text"
                                value={null}
                              >
                                <StyledInput
                                  className="StyledInput-hbWqm ciXLeq"
                                  defaultValue={null}
                                  disabled={false}
                                  onChange={[Function]}
                                  title=""
                                  type="text"
                                >
                                  <input
                                    className="StyledInput-hbWqm ciXLeq StyledInput-kKifnt NdlXS"
                                    defaultValue={null}
                                    disabled={false}
                                    onChange={[Function]}
                                    title=""
                                    type="text"
                                  />
                                </StyledInput>
                              </Input>
                            </StyledInput>
                          </div>
                        </Label>
                      </div>
                    </Field>
                  </div>
                </Section>
                <Section>
                  <div
                    className="Section-hLnjej bYTpNg"
                  >
                    <Field>
                      <div
                        className="Field-eieelf fXkcEo"
                      >
                        <Label>
                          <div
                            className="Label-ghyrbC kZMEPD"
                          >
                            <span>
                              Font Size:
                            </span>
                            <StyledInput
                              onChange={[Function]}
                              type="number"
                              value={null}
                            >
                              <Input
                                className="StyledInput-hbWqm ciXLeq"
                                onChange={[Function]}
                                type="number"
                                value={null}
                              >
                                <StyledInput
                                  className="StyledInput-hbWqm ciXLeq"
                                  defaultValue={null}
                                  disabled={false}
                                  onChange={[Function]}
                                  title=""
                                  type="number"
                                >
                                  <input
                                    className="StyledInput-hbWqm ciXLeq StyledInput-kKifnt NdlXS"
                                    defaultValue={null}
                                    disabled={false}
                                    onChange={[Function]}
                                    title=""
                                    type="number"
                                  />
                                </StyledInput>
                              </Input>
                            </StyledInput>
                          </div>
                        </Label>
                      </div>
                    </Field>
                    <Field>
                      <div
                        className="Field-eieelf fXkcEo"
                      >
                        <Label>
                          <div
                            className="Label-ghyrbC kZMEPD"
                          >
                            <span>
                              Line height:
                            </span>
                            <StyledInput
                              onChange={[Function]}
                              type="number"
                              value={null}
                            >
                              <Input
                                className="StyledInput-hbWqm ciXLeq"
                                onChange={[Function]}
                                type="number"
                                value={null}
                              >
                                <StyledInput
                                  className="StyledInput-hbWqm ciXLeq"
                                  defaultValue={null}
                                  disabled={false}
                                  onChange={[Function]}
                                  title=""
                                  type="number"
                                >
                                  <input
                                    className="StyledInput-hbWqm ciXLeq StyledInput-kKifnt NdlXS"
                                    defaultValue={null}
                                    disabled={false}
                                    onChange={[Function]}
                                    title=""
                                    type="number"
                                  />
                                </StyledInput>
                              </Input>
                            </StyledInput>
                          </div>
                        </Label>
                      </div>
                    </Field>
                    <Field>
                      <div
                        className="Field-eieelf fXkcEo"
                      >
                        <Label>
                          <div
                            className="Label-ghyrbC kZMEPD"
                          >
                            <span>
                              Font Ligatures:
                            </span>
                            <Checkbox
                              checked={null}
                              onChange={[Function]}
                            >
                              <Box
                                defaultChecked={null}
                                onChange={[Function]}
                                type="checkbox"
                              >
                                <input
                                  className="Box-jLJQJw bLlIOV"
                                  defaultChecked={null}
                                  onChange={[Function]}
                                  type="checkbox"
                                />
                              </Box>
                            </Checkbox>
                          </div>
                        </Label>
                      </div>
                    </Field>
                    <Field>
                      <div
                        className="Field-eieelf fXkcEo"
                      >
                        <Label>
                          <div
                            className="Label-ghyrbC kZMEPD"
                          >
                            <span>
                              Code lens:
                            </span>
                            <Checkbox
                              checked={null}
                              onChange={[Function]}
                            >
                              <Box
                                defaultChecked={null}
                                onChange={[Function]}
                                type="checkbox"
                              >
                                <input
                                  className="Box-jLJQJw bLlIOV"
                                  defaultChecked={null}
                                  onChange={[Function]}
                                  type="checkbox"
                                />
                              </Box>
                            </Checkbox>
                          </div>
                        </Label>
                      </div>
                    </Field>
                    <Field>
                      <div
                        className="Field-eieelf fXkcEo"
                      >
                        <Label>
                          <div
                            className="Label-ghyrbC kZMEPD"
                          >
                            <span>
                              Cursor Blinking:
                            </span>
                            <StyledISelect
                              onChange={[Function]}
                              value={null}
                            >
                              <Select
                                className="StyledISelect-ilVKaP jUNncK"
                                onChange={[Function]}
                                value={null}
                              >
                                <SelectInput
                                  className="StyledISelect-ilVKaP jUNncK"
                                  defaultValue={null}
                                  onChange={[Function]}
                                >
                                  <select
                                    className="StyledISelect-ilVKaP jUNncK SelectInput-cUOTCZ QqSuI"
                                    defaultValue={null}
                                    onChange={[Function]}
                                  >
                                    <option
                                      value="blink"
                                    >
                                      blink
                                    </option>
                                    <option
                                      value="smooth"
                                    >
                                      smooth
                                    </option>
                                    <option
                                      value="phase"
                                    >
                                      phase
                                    </option>
                                    <option
                                      value="expand"
                                    >
                                      expand
                                    </option>
                                    <option
                                      value="solid"
                                    >
                                      solid
                                    </option>
                                  </select>
                                </SelectInput>
                              </Select>
                            </StyledISelect>
                          </div>
                        </Label>
                      </div>
                    </Field>
                    <Field>
                      <div
                        className="Field-eieelf fXkcEo"
                      >
                        <Label>
                          <div
                            className="Label-ghyrbC kZMEPD"
                          >
                            <span>
                              Select On Line Numbers:
                            </span>
                            <Checkbox
                              checked={null}
                              onChange={[Function]}
                            >
                              <Box
                                defaultChecked={null}
                                onChange={[Function]}
                                type="checkbox"
                              >
                                <input
                                  className="Box-jLJQJw bLlIOV"
                                  defaultChecked={null}
                                  onChange={[Function]}
                                  type="checkbox"
                                />
                              </Box>
                            </Checkbox>
                          </div>
                        </Label>
                      </div>
                    </Field>
                  </div>
                </Section>
              </div>
            </Wrapper>
          </div>
        </EditorSettings>
      </details>
    </div>
  </Wrapper>
</Settings>
`;
