// Jest Snapshot v1, https://goo.gl/fbAQLP

exports[`COMPONENTS - <Snippet> render Snippet 1`] = `
<Snippet
  getSnippet={
    [MockFunction] {
      "calls": Array [
        Array [
          "123123",
        ],
      ],
      "results": Array [
        Object {
          "type": "return",
          "value": undefined,
        },
      ],
    }
  }
  match={
    Object {
      "params": Object {
        "id": "123123",
      },
    }
  }
/>
`;
