// Jest Snapshot v1, https://goo.gl/fbAQLP

exports[`COMPONENTS - <SettingsHeader> render SettingsHeader 1`] = `
<SettingsHeader>
  <div>
    Settings
  </div>
  <StyledButton
    icon="check"
    onClick={[Function]}
  >
    <Button
      className="StyledButton-sc-3wrytp-0 cyeYqP"
      icon="check"
      onClick={[Function]}
    >
      <ButtonComponent
        className="StyledButton-sc-3wrytp-0 cyeYqP"
        onClick={[Function]}
        title="Save"
      >
        <button
          className="StyledButton-sc-3wrytp-0 cyeYqP ButtonComponent-sc-1hy9a8c-0 fVBHOJ"
          onClick={[Function]}
          title="Save"
        >
          <Icon
            color="#fff"
            type="check"
          >
            <span
              className="Icon-vk4qna-0 PqRDb"
              color="#fff"
              type="check"
            />
          </Icon>
           
          Save
        </button>
      </ButtonComponent>
    </Button>
  </StyledButton>
</SettingsHeader>
`;
