// Jest Snapshot v1, https://goo.gl/fbAQLP

exports[`COMPONENTS - <SettingsHeader> render SettingsHeader 1`] = `
<SettingsHeader>
  <div>
    Settings
  </div>
  <ForwardRef
    icon="check"
    onClick={[Function]}
  >
    <StyledComponent
      forwardedClass={
        Object {
          "$$typeof": Symbol(react.forward_ref),
          "attrs": undefined,
          "componentStyle": ComponentStyle {
            "componentId": "StyledButton-sc-3wrytp-0",
            "isStatic": true,
            "lastClassName": "cyeYqP",
            "rules": Array [
              "margin-right:10px;",
            ],
          },
          "displayName": "StyledButton",
          "render": [Function],
          "styledComponentId": "StyledButton-sc-3wrytp-0",
          "target": [Function],
          "warnTooManyClasses": [Function],
          "withComponent": [Function],
          Symbol(Symbol.hasInstance): [Function],
        }
      }
      forwardedRef={null}
      icon="check"
      onClick={[Function]}
    >
      <Button
        className="StyledButton-sc-3wrytp-0 cyeYqP"
        icon="check"
        onClick={[Function]}
      >
        <ForwardRef
          className="StyledButton-sc-3wrytp-0 cyeYqP"
          onClick={[Function]}
          title="Save"
        >
          <StyledComponent
            className="StyledButton-sc-3wrytp-0 cyeYqP"
            forwardedClass={
              Object {
                "$$typeof": Symbol(react.forward_ref),
                "attrs": undefined,
                "componentStyle": ComponentStyle {
                  "componentId": "ButtonComponent-sc-1hy9a8c-0",
                  "isStatic": false,
                  "lastClassName": "fVBHOJ",
                  "rules": Array [
                    "background:",
                    [Function],
                    ";border:1px solid ",
                    [Function],
                    ";color:",
                    [Function],
                    ";border-radius:3px;font-weight:200;font-size:14px;text-align:center;",
                    [Function],
                    " ",
                    [Function],
                    " -webkit-appearance:none;cursor:pointer;&[disabled]{background:",
                    "#ccc",
                    ";border:1px solid ",
                    "#ccc",
                    ";color:",
                    "#555",
                    ";cursor:not-allowed;}",
                  ],
                },
                "displayName": "ButtonComponent",
                "render": [Function],
                "styledComponentId": "ButtonComponent-sc-1hy9a8c-0",
                "target": "button",
                "warnTooManyClasses": [Function],
                "withComponent": [Function],
              }
            }
            forwardedRef={null}
            onClick={[Function]}
            title="Save"
          >
            <button
              className="StyledButton-sc-3wrytp-0 cyeYqP ButtonComponent-sc-1hy9a8c-0 fVBHOJ"
              onClick={[Function]}
              title="Save"
            >
              <ForwardRef
                color="#fff"
                type="check"
              >
                <StyledComponent
                  color="#fff"
                  forwardedClass={
                    Object {
                      "$$typeof": Symbol(react.forward_ref),
                      "attrs": undefined,
                      "componentStyle": ComponentStyle {
                        "componentId": "Icon-vk4qna-0",
                        "isStatic": false,
                        "lastClassName": "PqRDb",
                        "rules": Array [
                          "background-color:",
                          [Function],
                          ";display:inline-block;vertical-align:middle;width:",
                          [Function],
                          "px;height:",
                          [Function],
                          "px;-webkit-mask-image:url('src/icons/",
                          [Function],
                          "');-webkit-mask-repeat:no-repeat;-webkit-mask-size:contain;-webkit-mask-position:center;",
                          [Function],
                          " ",
                          [Function],
                          " ",
                          [Function],
                        ],
                      },
                      "displayName": "Icon",
                      "render": [Function],
                      "styledComponentId": "Icon-vk4qna-0",
                      "target": "span",
                      "warnTooManyClasses": [Function],
                      "withComponent": [Function],
                    }
                  }
                  forwardedRef={null}
                  type="check"
                >
                  <span
                    className="Icon-vk4qna-0 PqRDb"
                    color="#fff"
                    type="check"
                  />
                </StyledComponent>
              </ForwardRef>
               
              Save
            </button>
          </StyledComponent>
        </ForwardRef>
      </Button>
    </StyledComponent>
  </ForwardRef>
</SettingsHeader>
`;
