// Jest Snapshot v1, https://goo.gl/fbAQLP

exports[`COMPONENTS - <Snippet> render Snippet 1`] = `
<HashRouter>
  <StyledNavLink
    activeClassName="selected"
    className="link"
    exact={true}
    onContextMenu={null}
    to="/snippet/123123123123"
  >
    <span>
      <StyledIcon
        size={24}
        type="lock"
      />
    </span>
    <span>
      <StyledIcon
        onClick={[Function]}
        size={16}
        type="star-full"
      />
    </span>
    <Title>
      unnamed
    </Title>
  </StyledNavLink>
</HashRouter>
`;
