// Jest Snapshot v1, https://goo.gl/fbAQLP

exports[`COMPONENTS - <Input> render Input 1`] = `
<Input
  className="classified"
  placeholder="I am temporary"
  type="search"
  value="typetypetype"
>
  <ForwardRef
    className="classified"
    defaultValue="typetypetype"
    disabled={false}
    placeholder="I am temporary"
    title=""
    type="search"
  >
    <StyledComponent
      className="classified"
      defaultValue="typetypetype"
      disabled={false}
      forwardedClass={
        Object {
          "$$typeof": Symbol(react.forward_ref),
          "attrs": undefined,
          "componentStyle": ComponentStyle {
            "componentId": "StyledInput-sc-86zjwb-0",
            "isStatic": false,
            "lastClassName": "bQeLId",
            "rules": Array [
              "border:none;border-radius:0;height:30px;color:",
              [Function],
              ";border-bottom:1px solid ",
              [Function],
              ";background:",
              [Function],
              ";&:focus{outline:none;}::placeholder{color:",
              [Function],
              ";opacity:1;}",
            ],
          },
          "displayName": "StyledInput",
          "render": [Function],
          "styledComponentId": "StyledInput-sc-86zjwb-0",
          "target": "input",
          "warnTooManyClasses": [Function],
          "withComponent": [Function],
        }
      }
      forwardedRef={null}
      placeholder="I am temporary"
      title=""
      type="search"
    >
      <input
        className="classified StyledInput-sc-86zjwb-0 bQeLId"
        defaultValue="typetypetype"
        disabled={false}
        placeholder="I am temporary"
        title=""
        type="search"
      />
    </StyledComponent>
  </ForwardRef>
</Input>
`;
